<6>[    0.000000] Initializing cgroup subsys cpuset
<6>[    0.000000] Initializing cgroup subsys cpu
<5>[    0.000000] Linux version 2.6.30-gentoo-r8 (root@localhost) (gcc version 4.4.5 (Gentoo 4.4.5 p1.2, pie-0.4.5) ) #1 SMP Thu Nov 3 06:13:25 CST 2016
<6>[    0.000000] Command line: root=LABEL=disk-root  crashkernel=64M@16M  nmi_watchdog=1 vga=1 clocksource=tsc norandmaps
<6>[    0.000000] KERNEL supported cpus:
<6>[    0.000000]   Intel GenuineIntel
<6>[    0.000000]   AMD AuthenticAMD
<6>[    0.000000]   Centaur CentaurHauls
<6>[    0.000000] BIOS-provided physical RAM map:
<6>[    0.000000]  BIOS-e820: 0000000000000000 - 000000000009d800 (usable)
<6>[    0.000000]  BIOS-e820: 000000000009d800 - 00000000000a0000 (reserved)
<6>[    0.000000]  BIOS-e820: 00000000000e0000 - 0000000000100000 (reserved)
<6>[    0.000000]  BIOS-e820: 0000000000100000 - 0000000020000000 (usable)
<6>[    0.000000]  BIOS-e820: 0000000020000000 - 0000000020200000 (reserved)
<6>[    0.000000]  BIOS-e820: 0000000020200000 - 0000000040000000 (usable)
<6>[    0.000000]  BIOS-e820: 0000000040000000 - 0000000040200000 (reserved)
<6>[    0.000000]  BIOS-e820: 0000000040200000 - 00000000d9e05000 (usable)
<6>[    0.000000]  BIOS-e820: 00000000d9e05000 - 00000000da3b9000 (reserved)
<6>[    0.000000]  BIOS-e820: 00000000da3b9000 - 00000000da3c9000 (ACPI data)
<6>[    0.000000]  BIOS-e820: 00000000da3c9000 - 00000000da4d7000 (ACPI NVS)
<6>[    0.000000]  BIOS-e820: 00000000da4d7000 - 00000000da857000 (reserved)
<6>[    0.000000]  BIOS-e820: 00000000da857000 - 00000000da858000 (usable)
<6>[    0.000000]  BIOS-e820: 00000000da858000 - 00000000da89b000 (ACPI NVS)
<6>[    0.000000]  BIOS-e820: 00000000da89b000 - 00000000dae2e000 (usable)
<6>[    0.000000]  BIOS-e820: 00000000dae2e000 - 00000000daff3000 (reserved)
<6>[    0.000000]  BIOS-e820: 00000000daff3000 - 00000000db000000 (usable)
<6>[    0.000000]  BIOS-e820: 00000000db800000 - 00000000dfa00000 (reserved)
<6>[    0.000000]  BIOS-e820: 00000000f8000000 - 00000000fc000000 (reserved)
<6>[    0.000000]  BIOS-e820: 00000000fec00000 - 00000000fec01000 (reserved)
<6>[    0.000000]  BIOS-e820: 00000000fed00000 - 00000000fed04000 (reserved)
<6>[    0.000000]  BIOS-e820: 00000000fed1c000 - 00000000fed20000 (reserved)
<6>[    0.000000]  BIOS-e820: 00000000fee00000 - 00000000fee01000 (reserved)
<6>[    0.000000]  BIOS-e820: 00000000ff000000 - 0000000100000000 (reserved)
<6>[    0.000000]  BIOS-e820: 0000000100000000 - 000000021f600000 (usable)
<6>[    0.000000] DMI 2.7 present.
<5>[    0.000000] AMI BIOS detected: BIOS may corrupt low RAM, working around it.
<7>[    0.000000] e820 update range: 0000000000000000 - 0000000000010000 (usable) ==> (reserved)
<6>[    0.000000] last_pfn = 0x21f600 max_arch_pfn = 0x100000000
<7>[    0.000000] MTRR default type: uncachable
<7>[    0.000000] MTRR fixed ranges enabled:
<7>[    0.000000]   00000-9FFFF write-back
<7>[    0.000000]   A0000-BFFFF uncachable
<7>[    0.000000]   C0000-CFFFF write-protect
<7>[    0.000000]   D0000-E7FFF uncachable
<7>[    0.000000]   E8000-FFFFF write-protect
<7>[    0.000000] MTRR variable ranges enabled:
<7>[    0.000000]   0 base 000000000 mask E00000000 write-back
<7>[    0.000000]   1 base 200000000 mask FE0000000 write-back
<7>[    0.000000]   2 base 0E0000000 mask FE0000000 uncachable
<7>[    0.000000]   3 base 0DC000000 mask FFC000000 uncachable
<7>[    0.000000]   4 base 0DB800000 mask FFF800000 uncachable
<7>[    0.000000]   5 base 21F800000 mask FFF800000 uncachable
<7>[    0.000000]   6 base 21F600000 mask FFFE00000 uncachable
<7>[    0.000000]   7 disabled
<7>[    0.000000]   8 disabled
<7>[    0.000000]   9 disabled
<6>[    0.000000] x86 PAT enabled: cpu 0, old 0x7040600070406, new 0x7010600070106
<7>[    0.000000] e820 update range: 00000000db800000 - 0000000100000000 (usable) ==> (reserved)
<6>[    0.000000] last_pfn = 0xdb000 max_arch_pfn = 0x100000000
<6>[    0.000000] Scanning 0 areas for low memory corruption
<6>[    0.000000] modified physical RAM map:
<6>[    0.000000]  modified: 0000000000000000 - 0000000000010000 (reserved)
<6>[    0.000000]  modified: 0000000000010000 - 000000000009d800 (usable)
<6>[    0.000000]  modified: 000000000009d800 - 00000000000a0000 (reserved)
<6>[    0.000000]  modified: 00000000000e0000 - 0000000000100000 (reserved)
<6>[    0.000000]  modified: 0000000000100000 - 0000000020000000 (usable)
<6>[    0.000000]  modified: 0000000020000000 - 0000000020200000 (reserved)
<6>[    0.000000]  modified: 0000000020200000 - 0000000040000000 (usable)
<6>[    0.000000]  modified: 0000000040000000 - 0000000040200000 (reserved)
<6>[    0.000000]  modified: 0000000040200000 - 00000000d9e05000 (usable)
<6>[    0.000000]  modified: 00000000d9e05000 - 00000000da3b9000 (reserved)
<6>[    0.000000]  modified: 00000000da3b9000 - 00000000da3c9000 (ACPI data)
<6>[    0.000000]  modified: 00000000da3c9000 - 00000000da4d7000 (ACPI NVS)
<6>[    0.000000]  modified: 00000000da4d7000 - 00000000da857000 (reserved)
<6>[    0.000000]  modified: 00000000da857000 - 00000000da858000 (usable)
<6>[    0.000000]  modified: 00000000da858000 - 00000000da89b000 (ACPI NVS)
<6>[    0.000000]  modified: 00000000da89b000 - 00000000dae2e000 (usable)
<6>[    0.000000]  modified: 00000000dae2e000 - 00000000daff3000 (reserved)
<6>[    0.000000]  modified: 00000000daff3000 - 00000000db000000 (usable)
<6>[    0.000000]  modified: 00000000db800000 - 00000000dfa00000 (reserved)
<6>[    0.000000]  modified: 00000000f8000000 - 00000000fc000000 (reserved)
<6>[    0.000000]  modified: 00000000fec00000 - 00000000fec01000 (reserved)
<6>[    0.000000]  modified: 00000000fed00000 - 00000000fed04000 (reserved)
<6>[    0.000000]  modified: 00000000fed1c000 - 00000000fed20000 (reserved)
<6>[    0.000000]  modified: 00000000fee00000 - 00000000fee01000 (reserved)
<6>[    0.000000]  modified: 00000000ff000000 - 0000000100000000 (reserved)
<6>[    0.000000]  modified: 0000000100000000 - 000000021f600000 (usable)
<6>[    0.000000] init_memory_mapping: 0000000000000000-00000000db000000
<7>[    0.000000]  0000000000 - 00db000000 page 2M
<7>[    0.000000] kernel direct mapping tables up to db000000 @ 10000-15000
<6>[    0.000000] init_memory_mapping: 0000000100000000-000000021f600000
<7>[    0.000000]  0100000000 - 021f600000 page 2M
<7>[    0.000000] kernel direct mapping tables up to 21f600000 @ 13000-1d000
<6>[    0.000000] RAMDISK: 1fbb7000 - 1ffef340
<4>[    0.000000] ACPI: RSDP 00000000000f0490 00024 (v02 ALASKA)
<4>[    0.000000] ACPI: XSDT 00000000da3be080 0007C (v01 ALASKA    A M I 01072009 AMI  00010013)
<4>[    0.000000] ACPI: FACP 00000000da3c7738 0010C (v05 ALASKA    A M I 01072009 AMI  00010013)
<4>[    0.000000] ACPI Warning (tbfadt-0289): FADT (revision 5) is longer than ACPI 2.0 version, truncating length 0x10C to 0xF4 [20090320]
<4>[    0.000000] ACPI: DSDT 00000000da3be188 095AC (v02 ALASKA    A M I 00000015 INTL 20051117)
<4>[    0.000000] ACPI: FACS 00000000da4d5080 00040
<4>[    0.000000] ACPI: APIC 00000000da3c7848 00092 (v03 ALASKA    A M I 01072009 AMI  00010013)
<4>[    0.000000] ACPI: FPDT 00000000da3c78e0 00044 (v01 ALASKA    A M I 01072009 AMI  00010013)
<4>[    0.000000] ACPI: MCFG 00000000da3c7928 0003C (v01 ALASKA    A M I 01072009 MSFT 00000097)
<4>[    0.000000] ACPI: HPET 00000000da3c7968 00038 (v01 ALASKA    A M I 01072009 AMI. 00000005)
<4>[    0.000000] ACPI: SSDT 00000000da3c79a0 0036D (v01 SataRe SataTabl 00001000 INTL 20091112)
<4>[    0.000000] ACPI: SSDT 00000000da3c7d10 00A92 (v01  PmRef    CpuPm 00003000 INTL 20051117)
<4>[    0.000000] ACPI: EINJ 00000000da3c87a8 00130 (v01    AMI AMI EINJ 00000000      00000000)
<4>[    0.000000] ACPI: ERST 00000000da3c88d8 00230 (v01  AMIER AMI ERST 00000000      00000000)
<4>[    0.000000] ACPI: HEST 00000000da3c8b08 000A8 (v01    AMI AMI HEST 00000000      00000000)
<4>[    0.000000] ACPI: BERT 00000000da3c8bb0 00030 (v01    AMI AMI BERT 00000000      00000000)
<7>[    0.000000] ACPI: Local APIC address 0xfee00000
<6>[    0.000000] (8 early reservations) ==> bootmem [0000000000 - 021f600000]
<6>[    0.000000]   #0 [0000000000 - 0000001000]   BIOS data page ==> [0000000000 - 0000001000]
<6>[    0.000000]   #1 [0000006000 - 0000008000]       TRAMPOLINE ==> [0000006000 - 0000008000]
<6>[    0.000000]   #2 [0000200000 - 0000a68488]    TEXT DATA BSS ==> [0000200000 - 0000a68488]
<6>[    0.000000]   #3 [001fbb7000 - 001ffef340]          RAMDISK ==> [001fbb7000 - 001ffef340]
<6>[    0.000000]   #4 [000009d800 - 0000100000]    BIOS reserved ==> [000009d800 - 0000100000]
<6>[    0.000000]   #5 [0000a69000 - 0000a6928a]              BRK ==> [0000a69000 - 0000a6928a]
<6>[    0.000000]   #6 [0000010000 - 0000013000]          PGTABLE ==> [0000010000 - 0000013000]
<6>[    0.000000]   #7 [0000013000 - 0000018000]          PGTABLE ==> [0000013000 - 0000018000]
<6>[    0.000000] found SMP MP-table at [ffff8800000fd7d0] fd7d0
<4>[    0.000000] reserve crashkernel success
<4>[    0.000000] crash_kernel_addr_phy 50331648
<4>[    0.000000] crash_info_buffer addr 18446612132372938752
<7>[    0.000000]  [ffffe20000000000-ffffe200077fffff] PMD -> [ffff88002c200000-ffff8800339fffff] on node 0
<4>[    0.000000] Zone PFN ranges:
<4>[    0.000000]   DMA      0x00000010 -> 0x00001000
<4>[    0.000000]   DMA32    0x00001000 -> 0x00100000
<4>[    0.000000]   Normal   0x00100000 -> 0x0021f600
<4>[    0.000000] Movable zone start PFN for each node
<4>[    0.000000] early_node_map[8] active PFN ranges
<4>[    0.000000]     0: 0x00000010 -> 0x0000009d
<4>[    0.000000]     0: 0x00000100 -> 0x00020000
<4>[    0.000000]     0: 0x00020200 -> 0x00040000
<4>[    0.000000]     0: 0x00040200 -> 0x000d9e05
<4>[    0.000000]     0: 0x000da857 -> 0x000da858
<4>[    0.000000]     0: 0x000da89b -> 0x000dae2e
<4>[    0.000000]     0: 0x000daff3 -> 0x000db000
<4>[    0.000000]     0: 0x00100000 -> 0x0021f600
<7>[    0.000000] On node 0 totalpages: 2069811
<7>[    0.000000]   DMA zone: 56 pages used for memmap
<7>[    0.000000]   DMA zone: 2261 pages reserved
<7>[    0.000000]   DMA zone: 1664 pages, LIFO batch:0
<7>[    0.000000]   DMA32 zone: 14280 pages used for memmap
<7>[    0.000000]   DMA32 zone: 874462 pages, LIFO batch:31
<7>[    0.000000]   Normal zone: 16093 pages used for memmap
<7>[    0.000000]   Normal zone: 1160995 pages, LIFO batch:31
<6>[    0.000000] ACPI: PM-Timer IO Port: 0x408
<7>[    0.000000] ACPI: Local APIC address 0xfee00000
<6>[    0.000000] ACPI: LAPIC (acpi_id[0x01] lapic_id[0x00] enabled)
<6>[    0.000000] ACPI: LAPIC (acpi_id[0x02] lapic_id[0x02] enabled)
<6>[    0.000000] ACPI: LAPIC (acpi_id[0x03] lapic_id[0x04] enabled)
<6>[    0.000000] ACPI: LAPIC (acpi_id[0x04] lapic_id[0x06] enabled)
<6>[    0.000000] ACPI: LAPIC (acpi_id[0x05] lapic_id[0x01] enabled)
<6>[    0.000000] ACPI: LAPIC (acpi_id[0x06] lapic_id[0x03] enabled)
<6>[    0.000000] ACPI: LAPIC (acpi_id[0x07] lapic_id[0x05] enabled)
<6>[    0.000000] ACPI: LAPIC (acpi_id[0x08] lapic_id[0x07] enabled)
<6>[    0.000000] ACPI: LAPIC_NMI (acpi_id[0xff] high edge lint[0x1])
<6>[    0.000000] ACPI: IOAPIC (id[0x02] address[0xfec00000] gsi_base[0])
<6>[    0.000000] IOAPIC[0]: apic_id 2, version 0, address 0xfec00000, GSI 0-23
<6>[    0.000000] ACPI: INT_SRC_OVR (bus 0 bus_irq 0 global_irq 2 dfl dfl)
<6>[    0.000000] ACPI: INT_SRC_OVR (bus 0 bus_irq 9 global_irq 9 high level)
<7>[    0.000000] ACPI: IRQ0 used by override.
<7>[    0.000000] ACPI: IRQ2 used by override.
<7>[    0.000000] ACPI: IRQ9 used by override.
<6>[    0.000000] Using ACPI (MADT) for SMP configuration information
<6>[    0.000000] ACPI: HPET id: 0x8086a701 base: 0xfed00000
<6>[    0.000000] SMP: Allowing 8 CPUs, 0 hotplug CPUs
<7>[    0.000000] nr_irqs_gsi: 24
<6>[    0.000000] PM: Registered nosave memory: 000000000009d000 - 000000000009e000
<6>[    0.000000] PM: Registered nosave memory: 000000000009e000 - 00000000000a0000
<6>[    0.000000] PM: Registered nosave memory: 00000000000a0000 - 00000000000e0000
<6>[    0.000000] PM: Registered nosave memory: 00000000000e0000 - 0000000000100000
<6>[    0.000000] PM: Registered nosave memory: 0000000020000000 - 0000000020200000
<6>[    0.000000] PM: Registered nosave memory: 0000000040000000 - 0000000040200000
<6>[    0.000000] PM: Registered nosave memory: 00000000d9e05000 - 00000000da3b9000
<6>[    0.000000] PM: Registered nosave memory: 00000000da3b9000 - 00000000da3c9000
<6>[    0.000000] PM: Registered nosave memory: 00000000da3c9000 - 00000000da4d7000
<6>[    0.000000] PM: Registered nosave memory: 00000000da4d7000 - 00000000da857000
<6>[    0.000000] PM: Registered nosave memory: 00000000da858000 - 00000000da89b000
<6>[    0.000000] PM: Registered nosave memory: 00000000dae2e000 - 00000000daff3000
<6>[    0.000000] PM: Registered nosave memory: 00000000db000000 - 00000000db800000
<6>[    0.000000] PM: Registered nosave memory: 00000000db800000 - 00000000dfa00000
<6>[    0.000000] PM: Registered nosave memory: 00000000dfa00000 - 00000000f8000000
<6>[    0.000000] PM: Registered nosave memory: 00000000f8000000 - 00000000fc000000
<6>[    0.000000] PM: Registered nosave memory: 00000000fc000000 - 00000000fec00000
<6>[    0.000000] PM: Registered nosave memory: 00000000fec00000 - 00000000fec01000
<6>[    0.000000] PM: Registered nosave memory: 00000000fec01000 - 00000000fed00000
<6>[    0.000000] PM: Registered nosave memory: 00000000fed00000 - 00000000fed04000
<6>[    0.000000] PM: Registered nosave memory: 00000000fed04000 - 00000000fed1c000
<6>[    0.000000] PM: Registered nosave memory: 00000000fed1c000 - 00000000fed20000
<6>[    0.000000] PM: Registered nosave memory: 00000000fed20000 - 00000000fee00000
<6>[    0.000000] PM: Registered nosave memory: 00000000fee00000 - 00000000fee01000
<6>[    0.000000] PM: Registered nosave memory: 00000000fee01000 - 00000000ff000000
<6>[    0.000000] PM: Registered nosave memory: 00000000ff000000 - 0000000100000000
<6>[    0.000000] Allocating PCI resources starting at e0000000 (gap: dfa00000:18600000)
<6>[    0.000000] NR_CPUS:64 nr_cpumask_bits:64 nr_cpu_ids:8 nr_node_ids:1
<6>[    0.000000] PERCPU: Embedded 25 pages at ffff88002c035000, static data 71392 bytes
<4>[    0.000000] Built 1 zonelists in Zone order, mobility grouping on.  Total pages: 2037121
<5>[    0.000000] Kernel command line: root=LABEL=disk-root  crashkernel=64M@16M  nmi_watchdog=1 vga=1 clocksource=tsc norandmaps
<6>[    0.000000] Initializing CPU#0
<6>[    0.000000] xsave/xrstor: enabled xstate_bv 0x7, cntxt size 0x340
<4>[    0.000000] Experimental hierarchical RCU implementation.
<4>[    0.000000] Experimental hierarchical RCU init done.
<6>[    0.000000] NR_IRQS:4352 nr_irqs:472
<4>[    0.000000] PID hash table entries: 4096 (order: 12, 32768 bytes)
<6>[    0.000000] Extended CMOS year: 2000
<4>[    0.000000] Fast TSC calibration using PIT
<4>[    0.000000] Detected 3392.422 MHz processor.
<4>[   15.468997] Console: colour VGA+ 80x50
<6>[   15.468998] console [tty0] enabled
<6>[   15.485858] Dentry cache hash table entries: 1048576 (order: 11, 8388608 bytes)
<6>[   15.487156] Inode-cache hash table entries: 524288 (order: 10, 4194304 bytes)
<6>[   15.487934] Checking aperture...
<6>[   15.493559] No AGP bridge found
<6>[   15.493691] PCI-DMA: Using software bounce buffering for IO (SWIOTLB)
<6>[   15.497259] Placing 64MB software IO TLB between ffff880024000000 - ffff880028000000
<6>[   15.497391] software IO TLB at phys 0x24000000 - 0x28000000
<6>[   15.532132] Memory: 8031440k/8902656k available (4661k kernel code, 623412k absent, 246820k reserved, 2526k data, 492k init)
<7>[   15.532403] hpet clockevent registered
<6>[   15.532407] Calibrating delay loop (skipped), value calculated using timer frequency.. 6784.84 BogoMIPS (lpj=3392422)
<6>[   15.532594] Security Framework initialized
<4>[   15.532685] Mount-cache hash table entries: 256
<6>[   15.532828] Initializing cgroup subsys ns
<6>[   15.532910] Initializing cgroup subsys cpuacct
<6>[   15.532994] Initializing cgroup subsys freezer
<6>[   15.533086] CPU: Physical Processor ID: 0
<6>[   15.533167] CPU: Processor Core ID: 0
<6>[   15.533250] CPU: L1 I cache: 32K, L1 D cache: 32K
<6>[   15.533362] CPU: L2 cache: 256K
<6>[   15.533457] CPU: L3 cache: 8192K
<6>[   15.533545] CPU0: Thermal monitoring enabled (TM1)
<6>[   15.533628] CPU 0 MCA banks CMCI:0 CMCI:1 CMCI:3 SHD:5 SHD:6 SHD:7 SHD:8
<6>[   15.533963] using mwait in idle threads.
<6>[   15.534779] ACPI: Core revision 20090320
<6>[   15.545250] Setting APIC routing to flat
<6>[   15.545660] ..TIMER: vector=0x30 apic1=0 pin1=2 apic2=-1 pin2=-1
<6>[   15.555720] CPU0: Intel(R) Core(TM) i7-2600 CPU @ 3.40GHz stepping 07
<4>[   15.657050] APIC timer registered as dummy, due to nmi_watchdog=1!
<6>[   15.657209] Booting processor 1 APIC 0x2 ip 0x6000
<6>[   15.667664] Initializing CPU#1
<6>[   15.727940] Calibrating delay using timer specific routine.. 6784.54 BogoMIPS (lpj=3392270)
<6>[   15.727946] CPU: Physical Processor ID: 0
<6>[   15.727947] CPU: Processor Core ID: 1
<6>[   15.727949] CPU: L1 I cache: 32K, L1 D cache: 32K
<6>[   15.727949] CPU: L2 cache: 256K
<6>[   15.727950] CPU: L3 cache: 8192K
<6>[   15.727959] CPU1: Thermal monitoring enabled (TM1)
<6>[   15.727960] CPU 1 MCA banks CMCI:0 CMCI:1 CMCI:3 SHD:5 SHD:6 SHD:7 SHD:8
<6>[   15.728804] x86 PAT enabled: cpu 1, old 0x7040600070406, new 0x7010600070106
<6>[   15.729610] CPU1: Intel(R) Core(TM) i7-2600 CPU @ 3.40GHz stepping 07
<6>[   15.730638] Skipping synchronization checks as TSC is reliable.
<6>[   15.730778] Booting processor 2 APIC 0x4 ip 0x6000
<6>[   15.741184] Initializing CPU#2
<6>[   15.801728] Calibrating delay using timer specific routine.. 6784.54 BogoMIPS (lpj=3392273)
<6>[   15.801734] CPU: Physical Processor ID: 0
<6>[   15.801735] CPU: Processor Core ID: 2
<6>[   15.801737] CPU: L1 I cache: 32K, L1 D cache: 32K
<6>[   15.801738] CPU: L2 cache: 256K
<6>[   15.801738] CPU: L3 cache: 8192K
<6>[   15.801748] CPU2: Thermal monitoring enabled (TM1)
<6>[   15.801749] CPU 2 MCA banks CMCI:0 CMCI:1 CMCI:3 SHD:5 SHD:6 SHD:7 SHD:8
<6>[   15.802594] x86 PAT enabled: cpu 2, old 0x7040600070406, new 0x7010600070106
<6>[   15.803414] CPU2: Intel(R) Core(TM) i7-2600 CPU @ 3.40GHz stepping 07
<6>[   15.804438] Skipping synchronization checks as TSC is reliable.
<6>[   15.804580] Booting processor 3 APIC 0x6 ip 0x6000
<6>[   15.814988] Initializing CPU#3
<6>[   15.875516] Calibrating delay using timer specific routine.. 6784.54 BogoMIPS (lpj=3392270)
<6>[   15.875523] CPU: Physical Processor ID: 0
<6>[   15.875523] CPU: Processor Core ID: 3
<6>[   15.875525] CPU: L1 I cache: 32K, L1 D cache: 32K
<6>[   15.875526] CPU: L2 cache: 256K
<6>[   15.875526] CPU: L3 cache: 8192K
<6>[   15.875535] CPU3: Thermal monitoring enabled (TM1)
<6>[   15.875537] CPU 3 MCA banks CMCI:0 CMCI:1 CMCI:3 SHD:5 SHD:6 SHD:7 SHD:8
<6>[   15.876384] x86 PAT enabled: cpu 3, old 0x7040600070406, new 0x7010600070106
<6>[   15.877280] CPU3: Intel(R) Core(TM) i7-2600 CPU @ 3.40GHz stepping 07
<6>[   15.878304] Skipping synchronization checks as TSC is reliable.
<6>[   15.878444] Booting processor 4 APIC 0x1 ip 0x6000
<6>[   15.888940] Initializing CPU#4
<6>[   15.949304] Calibrating delay using timer specific routine.. 6784.53 BogoMIPS (lpj=3392269)
<6>[   15.949312] CPU: Physical Processor ID: 0
<6>[   15.949313] CPU: Processor Core ID: 0
<6>[   15.949315] CPU: L1 I cache: 32K, L1 D cache: 32K
<6>[   15.949316] CPU: L2 cache: 256K
<6>[   15.949317] CPU: L3 cache: 8192K
<6>[   15.949327] CPU4: Thermal monitoring enabled (TM1)
<6>[   15.949329] CPU 4 MCA banks SHD:0 SHD:1 SHD:3 SHD:5 SHD:6 SHD:7 SHD:8
<6>[   15.950138] x86 PAT enabled: cpu 4, old 0x7040600070406, new 0x7010600070106
<6>[   15.950902] CPU4: Intel(R) Core(TM) i7-2600 CPU @ 3.40GHz stepping 07
<6>[   15.951934] Skipping synchronization checks as TSC is reliable.
<6>[   15.952076] Booting processor 5 APIC 0x3 ip 0x6000
<6>[   15.962483] Initializing CPU#5
<6>[   16.022095] Calibrating delay using timer specific routine.. 6784.55 BogoMIPS (lpj=3392275)
<6>[   16.022102] CPU: Physical Processor ID: 0
<6>[   16.022103] CPU: Processor Core ID: 1
<6>[   16.022104] CPU: L1 I cache: 32K, L1 D cache: 32K
<6>[   16.022105] CPU: L2 cache: 256K
<6>[   16.022106] CPU: L3 cache: 8192K
<6>[   16.022115] CPU5: Thermal monitoring enabled (TM1)
<6>[   16.022116] CPU 5 MCA banks SHD:0 SHD:1 SHD:3 SHD:5 SHD:6 SHD:7 SHD:8
<6>[   16.022961] x86 PAT enabled: cpu 5, old 0x7040600070406, new 0x7010600070106
<6>[   16.023780] CPU5: Intel(R) Core(TM) i7-2600 CPU @ 3.40GHz stepping 07
<6>[   16.024808] Skipping synchronization checks as TSC is reliable.
<6>[   16.024948] Booting processor 6 APIC 0x5 ip 0x6000
<6>[   16.035355] Initializing CPU#6
<6>[   16.095884] Calibrating delay using timer specific routine.. 6784.55 BogoMIPS (lpj=3392275)
<6>[   16.095890] CPU: Physical Processor ID: 0
<6>[   16.095891] CPU: Processor Core ID: 2
<6>[   16.095892] CPU: L1 I cache: 32K, L1 D cache: 32K
<6>[   16.095893] CPU: L2 cache: 256K
<6>[   16.095894] CPU: L3 cache: 8192K
<6>[   16.095903] CPU6: Thermal monitoring enabled (TM1)
<6>[   16.095904] CPU 6 MCA banks SHD:0 SHD:1 SHD:3 SHD:5 SHD:6 SHD:7 SHD:8
<6>[   16.096747] x86 PAT enabled: cpu 6, old 0x7040600070406, new 0x7010600070106
<6>[   16.097549] CPU6: Intel(R) Core(TM) i7-2600 CPU @ 3.40GHz stepping 07
<6>[   16.098576] Skipping synchronization checks as TSC is reliable.
<6>[   16.098718] Booting processor 7 APIC 0x7 ip 0x6000
<6>[   16.109125] Initializing CPU#7
<6>[   16.169672] Calibrating delay using timer specific routine.. 6784.53 BogoMIPS (lpj=3392267)
<6>[   16.169678] CPU: Physical Processor ID: 0
<6>[   16.169679] CPU: Processor Core ID: 3
<6>[   16.169680] CPU: L1 I cache: 32K, L1 D cache: 32K
<6>[   16.169681] CPU: L2 cache: 256K
<6>[   16.169682] CPU: L3 cache: 8192K
<6>[   16.169691] CPU7: Thermal monitoring enabled (TM1)
<6>[   16.169692] CPU 7 MCA banks SHD:0 SHD:1 SHD:3 SHD:5 SHD:6 SHD:7 SHD:8
<6>[   16.170537] x86 PAT enabled: cpu 7, old 0x7040600070406, new 0x7010600070106
<6>[   16.171320] CPU7: Intel(R) Core(TM) i7-2600 CPU @ 3.40GHz stepping 07
<6>[   16.172345] Skipping synchronization checks as TSC is reliable.
<6>[   16.172438] Brought up 8 CPUs
<6>[   16.172519] Total of 8 processors activated (54276.64 BogoMIPS).
<6>[   16.172640] Testing NMI watchdog ... OK.
<7>[   16.192706] CPU0 attaching sched-domain:
<7>[   16.192708]  domain 0: span 0,4 level SIBLING
<7>[   16.192709]   groups: 0 4
<7>[   16.192711]   domain 1: span 0-7 level MC
<7>[   16.192712]    groups: 0,4 1,5 2,6 3,7
<7>[   16.192715] CPU1 attaching sched-domain:
<7>[   16.192716]  domain 0: span 1,5 level SIBLING
<7>[   16.192717]   groups: 1 5
<7>[   16.192718]   domain 1: span 0-7 level MC
<7>[   16.192719]    groups: 1,5 2,6 3,7 0,4
<7>[   16.192722] CPU2 attaching sched-domain:
<7>[   16.192723]  domain 0: span 2,6 level SIBLING
<7>[   16.192724]   groups: 2 6
<7>[   16.192725]   domain 1: span 0-7 level MC
<7>[   16.192726]    groups: 2,6 3,7 0,4 1,5
<7>[   16.192729] CPU3 attaching sched-domain:
<7>[   16.192730]  domain 0: span 3,7 level SIBLING
<7>[   16.192731]   groups: 3 7
<7>[   16.192732]   domain 1: span 0-7 level MC
<7>[   16.192733]    groups: 3,7 0,4 1,5 2,6
<7>[   16.192735] CPU4 attaching sched-domain:
<7>[   16.192736]  domain 0: span 0,4 level SIBLING
<7>[   16.192737]   groups: 4 0
<7>[   16.192739]   domain 1: span 0-7 level MC
<7>[   16.192740]    groups: 0,4 1,5 2,6 3,7
<7>[   16.192742] CPU5 attaching sched-domain:
<7>[   16.192743]  domain 0: span 1,5 level SIBLING
<7>[   16.192744]   groups: 5 1
<7>[   16.192745]   domain 1: span 0-7 level MC
<7>[   16.192746]    groups: 1,5 2,6 3,7 0,4
<7>[   16.192749] CPU6 attaching sched-domain:
<7>[   16.192750]  domain 0: span 2,6 level SIBLING
<7>[   16.192751]   groups: 6 2
<7>[   16.192752]   domain 1: span 0-7 level MC
<7>[   16.192753]    groups: 2,6 3,7 0,4 1,5
<7>[   16.192756] CPU7 attaching sched-domain:
<7>[   16.192756]  domain 0: span 3,7 level SIBLING
<7>[   16.192757]   groups: 7 3
<7>[   16.192759]   domain 1: span 0-7 level MC
<7>[   16.192760]    groups: 3,7 0,4 1,5 2,6
<6>[   16.192943] net_namespace: 1896 bytes
<6>[   16.193089] Booting paravirtualized kernel on bare hardware
<4>[   16.193215] Time: 18:42:17  Date: 12/30/16
<6>[   16.193349] NET: Registered protocol family 16
<6>[   16.193594] ACPI FADT declares the system doesn't support PCIe ASPM, so disable it
<6>[   16.193729] ACPI: bus type pci registered
<5>[   16.193884] PCI: MCFG configuration 0: base f8000000 segment 0 buses 0 - 63
<5>[   16.193970] PCI: MCFG area at f8000000 reserved in E820
<6>[   16.195578] PCI: Using MMCONFIG at f8000000 - fbffffff
<6>[   16.195664] PCI: Using configuration type 1 for base access
<4>[   16.198078] bio: create slab <bio-0> at 0
<7>[   16.198832] ACPI: EC: Look up EC in DSDT
<6>[   16.206999] ACPI: Interpreter enabled
<6>[   16.207082] ACPI: (supports S0 S1 S3 S4 S5)
<6>[   16.207333] ACPI: Using IOAPIC for interrupt routing
<6>[   16.216555] ACPI: Power Resource [FN00] (off)
<6>[   16.216676] ACPI: Power Resource [FN01] (off)
<6>[   16.216795] ACPI: Power Resource [FN02] (off)
<6>[   16.216914] ACPI: Power Resource [FN03] (off)
<6>[   16.219638] ACPI: Power Resource [FN04] (off)
<6>[   16.220152] ACPI: No dock devices found.
<6>[   16.220475] ACPI: PCI Root Bridge [PCI0] (0000:00)
<6>[   16.220622] pci 0000:00:01.0: PME# supported from D0 D3hot D3cold
<6>[   16.220707] pci 0000:00:01.0: PME# disabled
<6>[   16.220808] pci 0000:00:01.1: PME# supported from D0 D3hot D3cold
<6>[   16.220893] pci 0000:00:01.1: PME# disabled
<6>[   16.220993] pci 0000:00:01.2: PME# supported from D0 D3hot D3cold
<6>[   16.221078] pci 0000:00:01.2: PME# disabled
<7>[   16.221177] pci 0000:00:02.0: reg 10 64bit mmio: [0xf7400000-0xf77fffff]
<7>[   16.221180] pci 0000:00:02.0: reg 18 64bit mmio: [0xe0000000-0xefffffff]
<7>[   16.221183] pci 0000:00:02.0: reg 20 io port: [0xf000-0xf03f]
<6>[   16.221212] pci 0000:00:06.0: PME# supported from D0 D3hot D3cold
<6>[   16.221297] pci 0000:00:06.0: PME# disabled
<7>[   16.221426] pci 0000:00:16.0: reg 10 64bit mmio: [0xf7c07000-0xf7c0700f]
<6>[   16.221466] pci 0000:00:16.0: PME# supported from D0 D3hot D3cold
<6>[   16.221556] pci 0000:00:16.0: PME# disabled
<7>[   16.221684] pci 0000:00:1a.0: reg 10 32bit mmio: [0xf7c04000-0xf7c043ff]
<6>[   16.221731] pci 0000:00:1a.0: PME# supported from D0 D3hot D3cold
<6>[   16.221818] pci 0000:00:1a.0: PME# disabled
<7>[   16.221943] pci 0000:00:1d.0: reg 10 32bit mmio: [0xf7c03000-0xf7c033ff]
<6>[   16.221990] pci 0000:00:1d.0: PME# supported from D0 D3hot D3cold
<6>[   16.222077] pci 0000:00:1d.0: PME# disabled
<7>[   16.222310] pci 0000:00:1f.2: reg 10 io port: [0xf0b0-0xf0b7]
<7>[   16.222314] pci 0000:00:1f.2: reg 14 io port: [0xf0a0-0xf0a3]
<7>[   16.222318] pci 0000:00:1f.2: reg 18 io port: [0xf090-0xf097]
<7>[   16.222322] pci 0000:00:1f.2: reg 1c io port: [0xf080-0xf083]
<7>[   16.222326] pci 0000:00:1f.2: reg 20 io port: [0xf060-0xf07f]
<7>[   16.222330] pci 0000:00:1f.2: reg 24 32bit mmio: [0xf7c02000-0xf7c027ff]
<6>[   16.222355] pci 0000:00:1f.2: PME# supported from D3hot
<6>[   16.222439] pci 0000:00:1f.2: PME# disabled
<7>[   16.222545] pci 0000:00:1f.3: reg 10 64bit mmio: [0xf7c01000-0xf7c010ff]
<7>[   16.222556] pci 0000:00:1f.3: reg 20 io port: [0xf040-0xf05f]
<6>[   16.222615] pci 0000:01:00.0: PME# supported from D0 D3hot D3cold
<6>[   16.222702] pci 0000:01:00.0: PME# disabled
<7>[   16.222800] pci 0000:00:01.0: bridge io port: [0xd000-0xefff]
<7>[   16.222802] pci 0000:00:01.0: bridge 32bit mmio: [0xf7800000-0xf79fffff]
<6>[   16.222851] pci 0000:02:02.0: PME# supported from D0 D3hot D3cold
<6>[   16.222937] pci 0000:02:02.0: PME# disabled
<6>[   16.223067] pci 0000:02:03.0: PME# supported from D0 D3hot D3cold
<6>[   16.223154] pci 0000:02:03.0: PME# disabled
<7>[   16.223265] pci 0000:01:00.0: bridge io port: [0xd000-0xefff]
<7>[   16.223268] pci 0000:01:00.0: bridge 32bit mmio: [0xf7800000-0xf79fffff]
<7>[   16.223311] pci 0000:03:00.0: reg 10 32bit mmio: [0xf79a0000-0xf79bffff]
<7>[   16.223317] pci 0000:03:00.0: reg 14 32bit mmio: [0xf7980000-0xf799ffff]
<7>[   16.223323] pci 0000:03:00.0: reg 18 io port: [0xe020-0xe03f]
<7>[   16.223329] pci 0000:03:00.0: reg 1c 32bit mmio: [0xf79c4000-0xf79c7fff]
<7>[   16.223344] pci 0000:03:00.0: reg 30 32bit mmio: [0xf7960000-0xf797ffff]
<6>[   16.223375] pci 0000:03:00.0: PME# supported from D0 D3hot
<6>[   16.223461] pci 0000:03:00.0: PME# disabled
<7>[   16.223600] pci 0000:03:00.1: reg 10 32bit mmio: [0xf7940000-0xf795ffff]
<7>[   16.223606] pci 0000:03:00.1: reg 14 32bit mmio: [0xf7920000-0xf793ffff]
<7>[   16.223612] pci 0000:03:00.1: reg 18 io port: [0xe000-0xe01f]
<7>[   16.223618] pci 0000:03:00.1: reg 1c 32bit mmio: [0xf79c0000-0xf79c3fff]
<7>[   16.223633] pci 0000:03:00.1: reg 30 32bit mmio: [0xf7900000-0xf791ffff]
<6>[   16.223664] pci 0000:03:00.1: PME# supported from D0 D3hot
<6>[   16.223749] pci 0000:03:00.1: PME# disabled
<7>[   16.223888] pci 0000:02:02.0: bridge io port: [0xe000-0xefff]
<7>[   16.223891] pci 0000:02:02.0: bridge 32bit mmio: [0xf7900000-0xf79fffff]
<7>[   16.223936] pci 0000:04:00.0: reg 10 32bit mmio: [0xf78a0000-0xf78bffff]
<7>[   16.223942] pci 0000:04:00.0: reg 14 32bit mmio: [0xf7880000-0xf789ffff]
<7>[   16.223948] pci 0000:04:00.0: reg 18 io port: [0xd020-0xd03f]
<7>[   16.223953] pci 0000:04:00.0: reg 1c 32bit mmio: [0xf78c4000-0xf78c7fff]
<7>[   16.223969] pci 0000:04:00.0: reg 30 32bit mmio: [0xf7860000-0xf787ffff]
<6>[   16.224000] pci 0000:04:00.0: PME# supported from D0 D3hot
<6>[   16.224085] pci 0000:04:00.0: PME# disabled
<7>[   16.224222] pci 0000:04:00.1: reg 10 32bit mmio: [0xf7840000-0xf785ffff]
<7>[   16.224228] pci 0000:04:00.1: reg 14 32bit mmio: [0xf7820000-0xf783ffff]
<7>[   16.224234] pci 0000:04:00.1: reg 18 io port: [0xd000-0xd01f]
<7>[   16.224240] pci 0000:04:00.1: reg 1c 32bit mmio: [0xf78c0000-0xf78c3fff]
<7>[   16.224255] pci 0000:04:00.1: reg 30 32bit mmio: [0xf7800000-0xf781ffff]
<6>[   16.224285] pci 0000:04:00.1: PME# supported from D0 D3hot
<6>[   16.224371] pci 0000:04:00.1: PME# disabled
<7>[   16.224510] pci 0000:02:03.0: bridge io port: [0xd000-0xdfff]
<7>[   16.224516] pci 0000:02:03.0: bridge 32bit mmio: [0xf7800000-0xf78fffff]
<7>[   16.224563] pci 0000:05:00.0: reg 10 32bit mmio: [0xf7ba0000-0xf7bbffff]
<7>[   16.224567] pci 0000:05:00.0: reg 14 32bit mmio: [0xf7b80000-0xf7b9ffff]
<7>[   16.224575] pci 0000:05:00.0: reg 1c 32bit mmio: [0xf7bc4000-0xf7bc7fff]
<7>[   16.224587] pci 0000:05:00.0: reg 30 32bit mmio: [0xf7b60000-0xf7b7ffff]
<6>[   16.224609] pci 0000:05:00.0: PME# supported from D0 D3hot
<6>[   16.224694] pci 0000:05:00.0: PME# disabled
<7>[   16.224813] pci 0000:05:00.1: reg 10 32bit mmio: [0xf7b40000-0xf7b5ffff]
<7>[   16.224818] pci 0000:05:00.1: reg 14 32bit mmio: [0xf7b20000-0xf7b3ffff]
<7>[   16.224826] pci 0000:05:00.1: reg 1c 32bit mmio: [0xf7bc0000-0xf7bc3fff]
<7>[   16.224837] pci 0000:05:00.1: reg 30 32bit mmio: [0xf7b00000-0xf7b1ffff]
<6>[   16.224859] pci 0000:05:00.1: PME# supported from D0 D3hot
<6>[   16.224944] pci 0000:05:00.1: PME# disabled
<7>[   16.225049] pci 0000:00:01.1: bridge 32bit mmio: [0xf7b00000-0xf7bfffff]
<7>[   16.225078] pci 0000:06:00.0: reg 10 32bit mmio: [0xf7aa0000-0xf7abffff]
<7>[   16.225083] pci 0000:06:00.0: reg 14 32bit mmio: [0xf7a80000-0xf7a9ffff]
<7>[   16.225091] pci 0000:06:00.0: reg 1c 32bit mmio: [0xf7ac4000-0xf7ac7fff]
<7>[   16.225102] pci 0000:06:00.0: reg 30 32bit mmio: [0xf7a60000-0xf7a7ffff]
<6>[   16.225124] pci 0000:06:00.0: PME# supported from D0 D3hot
<6>[   16.225209] pci 0000:06:00.0: PME# disabled
<7>[   16.225328] pci 0000:06:00.1: reg 10 32bit mmio: [0xf7a40000-0xf7a5ffff]
<7>[   16.225333] pci 0000:06:00.1: reg 14 32bit mmio: [0xf7a20000-0xf7a3ffff]
<7>[   16.225341] pci 0000:06:00.1: reg 1c 32bit mmio: [0xf7ac0000-0xf7ac3fff]
<7>[   16.225352] pci 0000:06:00.1: reg 30 32bit mmio: [0xf7a00000-0xf7a1ffff]
<6>[   16.225374] pci 0000:06:00.1: PME# supported from D0 D3hot
<6>[   16.225459] pci 0000:06:00.1: PME# disabled
<7>[   16.225567] pci 0000:00:01.2: bridge 32bit mmio: [0xf7a00000-0xf7afffff]
<6>[   16.225620] pci 0000:00:1e.0: transparent bridge
<7>[   16.225718] pci_bus 0000:00: on NUMA node 0
<7>[   16.225723] ACPI: PCI Interrupt Routing Table [\_SB_.PCI0._PRT]
<7>[   16.225879] ACPI: PCI Interrupt Routing Table [\_SB_.PCI0.P0P1._PRT]
<7>[   16.225981] ACPI: PCI Interrupt Routing Table [\_SB_.PCI0.PEG0._PRT]
<7>[   16.226059] ACPI: PCI Interrupt Routing Table [\_SB_.PCI0.PEG1._PRT]
<7>[   16.226136] ACPI: PCI Interrupt Routing Table [\_SB_.PCI0.PEG2._PRT]
<7>[   16.226212] ACPI: PCI Interrupt Routing Table [\_SB_.PCI0.PEG3._PRT]
<6>[   16.232314] ACPI: PCI Interrupt Link [LNKA] (IRQs 3 4 5 6 10 *11 12 14 15)
<6>[   16.232860] ACPI: PCI Interrupt Link [LNKB] (IRQs 3 4 5 6 *10 11 12 14 15)
<6>[   16.233400] ACPI: PCI Interrupt Link [LNKC] (IRQs 3 4 5 6 *10 11 12 14 15)
<6>[   16.233946] ACPI: PCI Interrupt Link [LNKD] (IRQs 3 4 5 6 10 *11 12 14 15)
<6>[   16.234488] ACPI: PCI Interrupt Link [LNKE] (IRQs 3 4 5 6 10 11 12 14 15) *0, disabled.
<6>[   16.235136] ACPI: PCI Interrupt Link [LNKF] (IRQs 3 4 5 6 10 11 12 14 15) *0, disabled.
<6>[   16.235787] ACPI: PCI Interrupt Link [LNKG] (IRQs 3 4 5 6 10 11 12 14 15) *0, disabled.
<6>[   16.236433] ACPI: PCI Interrupt Link [LNKH] (IRQs 3 4 5 6 10 *11 12 14 15)
<5>[   16.237011] SCSI subsystem initialized
<7>[   16.237147] libata version 3.00 loaded.
<6>[   16.237243] usbcore: registered new interface driver usbfs
<6>[   16.237342] usbcore: registered new interface driver hub
<6>[   16.237443] usbcore: registered new device driver usb
<6>[   16.237620] PCI: Using ACPI for IRQ routing
<4>[   16.237805] haha dev ffff88021e9cc800 dev->name = lo
<4>[   16.237915] haha dev ffff88021e9cc000 dev->name = blackhole
<6>[   16.242467] NetLabel: Initializing
<6>[   16.242547] NetLabel:  domain hash size = 128
<6>[   16.242628] NetLabel:  protocols = UNLABELED CIPSOv4
<6>[   16.242717] NetLabel:  unlabeled traffic allowed by default
<6>[   16.242830] hpet0: at MMIO 0xfed00000, IRQs 2, 8, 0, 0, 0, 0, 0, 0
<6>[   16.243193] hpet0: 8 comparators, 64-bit 14.318180 MHz counter
<6>[   16.245456] Clockevents: could not switch to one-shot mode:<6>Clockevents: could not switch to one-shot mode:<6>Clockevents: could not switch to one-shot mode:<6>Clockevents: could not switch to one-shot mode:<6>Clockevents: could not switch to one-shot mode:<6>Clockevents: could not switch to one-shot mode:<6>Clockevents: could not switch to one-shot mode:<6>Clockevents: could not switch to one-shot mode: lapic is not functional.
<4>[   16.245466]  lapic is not functional.
<4>[   16.245467]  lapic is not functional.
<4>[   16.245469]  lapic is not functional.
<4>[   16.245470]  lapic is not functional.
<4>[   16.245472]  lapic is not functional.
<4>[   16.245473]  lapic is not functional.
<4>[   16.245474] Could not switch to high resolution mode on CPU 7
<4>[   16.245477] Could not switch to high resolution mode on CPU 4
<4>[   16.245478] Could not switch to high resolution mode on CPU 1
<4>[   16.245480] Could not switch to high resolution mode on CPU 2
<4>[   16.245481] Could not switch to high resolution mode on CPU 3
<4>[   16.245483] Could not switch to high resolution mode on CPU 6
<4>[   16.245484] Could not switch to high resolution mode on CPU 5
<4>[   16.246906]  lapic is not functional.
<4>[   16.246987] Could not switch to high resolution mode on CPU 0
<6>[   16.251441] pnp: PnP ACPI init
<6>[   16.251524] ACPI: bus type pnp registered
<6>[   16.255344] pnp: PnP ACPI: found 16 devices
<6>[   16.255430] ACPI: ACPI bus type pnp unregistered
<6>[   16.255517] system 00:01: iomem range 0xfed40000-0xfed44fff has been reserved
<6>[   16.255605] system 00:05: ioport range 0x680-0x69f has been reserved
<6>[   16.255691] system 00:05: ioport range 0x1000-0x100f has been reserved
<6>[   16.255776] system 00:05: ioport range 0xffff-0xffff has been reserved
<6>[   16.255861] system 00:05: ioport range 0xffff-0xffff has been reserved
<6>[   16.255947] system 00:05: ioport range 0x400-0x453 has been reserved
<6>[   16.256031] system 00:05: ioport range 0x458-0x47f has been reserved
<6>[   16.256116] system 00:05: ioport range 0x500-0x57f has been reserved
<6>[   16.256202] system 00:05: ioport range 0x164e-0x164f has been reserved
<6>[   16.256288] system 00:07: ioport range 0x454-0x457 has been reserved
<6>[   16.256374] system 00:08: ioport range 0x295-0x2a4 has been reserved
<6>[   16.256465] system 00:0c: ioport range 0x4d0-0x4d1 has been reserved
<6>[   16.256551] system 00:0e: iomem range 0xfed1c000-0xfed1ffff has been reserved
<6>[   16.256637] system 00:0e: iomem range 0xfed10000-0xfed17fff has been reserved
<6>[   16.256723] system 00:0e: iomem range 0xfed18000-0xfed18fff has been reserved
<6>[   16.256809] system 00:0e: iomem range 0xfed19000-0xfed19fff has been reserved
<6>[   16.256895] system 00:0e: iomem range 0xf8000000-0xfbffffff has been reserved
<6>[   16.256982] system 00:0e: iomem range 0xfed20000-0xfed3ffff has been reserved
<6>[   16.257067] system 00:0e: iomem range 0xfed90000-0xfed93fff has been reserved
<6>[   16.257154] system 00:0e: iomem range 0xfed45000-0xfed8ffff has been reserved
<6>[   16.257240] system 00:0e: iomem range 0xff000000-0xffffffff has been reserved
<6>[   16.257326] system 00:0e: iomem range 0xfee00000-0xfeefffff could not be reserved
<6>[   16.257460] system 00:0e: iomem range 0xdfa00000-0xdfa00fff has been reserved
<6>[   16.257548] system 00:0f: iomem range 0x20000000-0x201fffff has been reserved
<6>[   16.257633] system 00:0f: iomem range 0x40000000-0x401fffff has been reserved
<6>[   16.262281] pci 0000:02:02.0: PCI bridge, secondary bus 0000:03
<6>[   16.262366] pci 0000:02:02.0:   IO window: 0xe000-0xefff
<6>[   16.262456] pci 0000:02:02.0:   MEM window: 0xf7900000-0xf79fffff
<6>[   16.262542] pci 0000:02:02.0:   PREFETCH window: disabled
<6>[   16.262629] pci 0000:02:03.0: PCI bridge, secondary bus 0000:04
<6>[   16.262715] pci 0000:02:03.0:   IO window: 0xd000-0xdfff
<6>[   16.262801] pci 0000:02:03.0:   MEM window: 0xf7800000-0xf78fffff
<6>[   16.262887] pci 0000:02:03.0:   PREFETCH window: disabled
<6>[   16.262974] pci 0000:01:00.0: PCI bridge, secondary bus 0000:02
<6>[   16.263059] pci 0000:01:00.0:   IO window: 0xd000-0xefff
<6>[   16.263145] pci 0000:01:00.0:   MEM window: 0xf7800000-0xf79fffff
<6>[   16.263232] pci 0000:01:00.0:   PREFETCH window: disabled
<6>[   16.263319] pci 0000:00:01.0: PCI bridge, secondary bus 0000:01
<6>[   16.263406] pci 0000:00:01.0:   IO window: 0xd000-0xefff
<6>[   16.263490] pci 0000:00:01.0:   MEM window: 0xf7800000-0xf79fffff
<6>[   16.263575] pci 0000:00:01.0:   PREFETCH window: disabled
<6>[   16.263659] pci 0000:00:01.1: PCI bridge, secondary bus 0000:05
<6>[   16.263743] pci 0000:00:01.1:   IO window: disabled
<6>[   16.263827] pci 0000:00:01.1:   MEM window: 0xf7b00000-0xf7bfffff
<6>[   16.263912] pci 0000:00:01.1:   PREFETCH window: disabled
<6>[   16.263996] pci 0000:00:01.2: PCI bridge, secondary bus 0000:06
<6>[   16.264080] pci 0000:00:01.2:   IO window: disabled
<6>[   16.264163] pci 0000:00:01.2:   MEM window: 0xf7a00000-0xf7afffff
<6>[   16.264249] pci 0000:00:01.2:   PREFETCH window: disabled
<6>[   16.264333] pci 0000:00:06.0: PCI bridge, secondary bus 0000:07
<6>[   16.264419] pci 0000:00:06.0:   IO window: disabled
<6>[   16.264503] pci 0000:00:06.0:   MEM window: disabled
<6>[   16.264587] pci 0000:00:06.0:   PREFETCH window: disabled
<6>[   16.264671] pci 0000:00:1e.0: PCI bridge, secondary bus 0000:08
<6>[   16.264755] pci 0000:00:1e.0:   IO window: disabled
<6>[   16.264839] pci 0000:00:1e.0:   MEM window: disabled
<6>[   16.264923] pci 0000:00:1e.0:   PREFETCH window: disabled
<7>[   16.265013]   alloc irq_desc for 16 on cpu 0 node 0
<7>[   16.265014]   alloc kstat_irqs on cpu 0 node 0
<6>[   16.265017] pci 0000:00:01.0: PCI INT A -> GSI 16 (level, low) -> IRQ 16
<7>[   16.265102] pci 0000:00:01.0: setting latency timer to 64
<7>[   16.265109] pci 0000:01:00.0: setting latency timer to 64
<7>[   16.265116] pci 0000:02:02.0: setting latency timer to 64
<7>[   16.265122] pci 0000:02:03.0: setting latency timer to 64
<6>[   16.265126] pci 0000:00:01.1: PCI INT A -> GSI 16 (level, low) -> IRQ 16
<7>[   16.265212] pci 0000:00:01.1: setting latency timer to 64
<6>[   16.265214] pci 0000:00:01.2: PCI INT A -> GSI 16 (level, low) -> IRQ 16
<7>[   16.265300] pci 0000:00:01.2: setting latency timer to 64
<7>[   16.265303]   alloc irq_desc for 19 on cpu 0 node 0
<7>[   16.265304]   alloc kstat_irqs on cpu 0 node 0
<6>[   16.265305] pci 0000:00:06.0: PCI INT A -> GSI 19 (level, low) -> IRQ 19
<7>[   16.265391] pci 0000:00:06.0: setting latency timer to 64
<7>[   16.265394] pci 0000:00:1e.0: setting latency timer to 64
<7>[   16.265400] pci_bus 0000:00: resource 0 io:  [0x00-0xffff]
<7>[   16.265401] pci_bus 0000:00: resource 1 mem: [0x000000-0xffffffffffffffff]
<7>[   16.265403] pci_bus 0000:01: resource 0 io:  [0xd000-0xefff]
<7>[   16.265404] pci_bus 0000:01: resource 1 mem: [0xf7800000-0xf79fffff]
<7>[   16.265405] pci_bus 0000:02: resource 0 io:  [0xd000-0xefff]
<7>[   16.265406] pci_bus 0000:02: resource 1 mem: [0xf7800000-0xf79fffff]
<7>[   16.265408] pci_bus 0000:03: resource 0 io:  [0xe000-0xefff]
<7>[   16.265409] pci_bus 0000:03: resource 1 mem: [0xf7900000-0xf79fffff]
<7>[   16.265410] pci_bus 0000:04: resource 0 io:  [0xd000-0xdfff]
<7>[   16.265411] pci_bus 0000:04: resource 1 mem: [0xf7800000-0xf78fffff]
<7>[   16.265412] pci_bus 0000:05: resource 1 mem: [0xf7b00000-0xf7bfffff]
<7>[   16.265414] pci_bus 0000:06: resource 1 mem: [0xf7a00000-0xf7afffff]
<7>[   16.265415] pci_bus 0000:08: resource 3 io:  [0x00-0xffff]
<7>[   16.265416] pci_bus 0000:08: resource 4 mem: [0x000000-0xffffffffffffffff]
<6>[   16.265444] NET: Registered protocol family 2
<6>[   16.277387] IP route cache hash table entries: 262144 (order: 9, 2097152 bytes)
<6>[   16.280270] TCP established hash table entries: 262144 (order: 10, 4194304 bytes)
<6>[   16.280822] TCP bind hash table entries: 65536 (order: 8, 1048576 bytes)
<6>[   16.281006] TCP: Hash tables configured (established 262144 bind 65536)
<6>[   16.281092] TCP reno registered
<6>[   16.283398] NET: Registered protocol family 1
<6>[   16.283503] Trying to unpack rootfs image as initramfs...
<6>[   16.341190] Freeing initrd memory: 4320k freed
<6>[   16.342840] Microcode Update Driver: v2.00 <tigran@aivazian.fsnet.co.uk>, Peter Oruba
<6>[   16.342972] Scanning for low memory corruption every 60 seconds
<6>[   16.345040] audit: initializing netlink socket (disabled)
<5>[   16.345132] type=2000 audit(1483123336.710:1): initialized
<6>[   16.347529] gcov-core: initializing core module: format=gcc_3.4
<6>[   16.347613] gcov-core: init done
<6>[   16.347930] HugeTLB registered 2 MB page size, pre-allocated 0 pages
<5>[   16.348111] VFS: Disk quotas dquot_6.5.2
<4>[   16.348204] Dquot-cache hash table entries: 512 (order 0, 4096 bytes)
<6>[   16.348449] msgmni has been set to 15696
<6>[   16.348700] alg: No test for stdrng (krng)
<6>[   16.348804] Block layer SCSI generic (bsg) driver version 0.4 loaded (major 252)
<6>[   16.348936] io scheduler noop registered
<6>[   16.349017] io scheduler anticipatory registered
<6>[   16.349098] io scheduler deadline registered
<6>[   16.349195] io scheduler cfq registered (default)
<7>[   16.349284] pci 0000:00:02.0: Boot video device
<7>[   16.349299] pci 0000:00:1a.0: EHCI: BIOS handoff
<7>[   16.365127] pci 0000:00:1d.0: EHCI: BIOS handoff
<7>[   16.381147]   alloc irq_desc for 24 on cpu 0 node 0
<7>[   16.381148]   alloc kstat_irqs on cpu 0 node 0
<7>[   16.381151] pcieport-driver 0000:00:01.0: irq 24 for MSI/MSI-X
<7>[   16.381156] pcieport-driver 0000:00:01.0: setting latency timer to 64
<7>[   16.381219]   alloc irq_desc for 25 on cpu 0 node 0
<7>[   16.381220]   alloc kstat_irqs on cpu 0 node 0
<7>[   16.381223] pcieport-driver 0000:00:01.1: irq 25 for MSI/MSI-X
<7>[   16.381227] pcieport-driver 0000:00:01.1: setting latency timer to 64
<7>[   16.381287]   alloc irq_desc for 26 on cpu 0 node 0
<7>[   16.381288]   alloc kstat_irqs on cpu 0 node 0
<7>[   16.381291] pcieport-driver 0000:00:01.2: irq 26 for MSI/MSI-X
<7>[   16.381295] pcieport-driver 0000:00:01.2: setting latency timer to 64
<7>[   16.381355]   alloc irq_desc for 27 on cpu 0 node 0
<7>[   16.381356]   alloc kstat_irqs on cpu 0 node 0
<7>[   16.381358] pcieport-driver 0000:00:06.0: irq 27 for MSI/MSI-X
<7>[   16.381362] pcieport-driver 0000:00:06.0: setting latency timer to 64
<7>[   16.381433] pcieport-driver 0000:01:00.0: setting latency timer to 64
<7>[   16.381537]   alloc irq_desc for 28 on cpu 0 node 0
<7>[   16.381538]   alloc kstat_irqs on cpu 0 node 0
<7>[   16.381544] pcieport-driver 0000:02:02.0: irq 28 for MSI/MSI-X
<7>[   16.381558] pcieport-driver 0000:02:02.0: setting latency timer to 64
<7>[   16.381676]   alloc irq_desc for 29 on cpu 0 node 0
<7>[   16.381677]   alloc kstat_irqs on cpu 0 node 0
<7>[   16.381683] pcieport-driver 0000:02:03.0: irq 29 for MSI/MSI-X
<7>[   16.381696] pcieport-driver 0000:02:03.0: setting latency timer to 64
<7>[   16.382016] aer 0000:02:02.0:pcie22: service driver aer loaded
<7>[   16.382048] aer 0000:02:03.0:pcie22: service driver aer loaded
<6>[   16.382065] pci_hotplug: PCI Hot Plug PCI Core version: 0.5
<6>[   16.383452] Non-volatile memory driver v1.3
<6>[   16.383565] Linux agpgart interface v0.103
<6>[   16.383775] input: Power Button as /devices/LNXSYSTM:00/LNXPWRBN:00/input/input0
<6>[   16.383907] ACPI: Power Button [PWRF]
<6>[   16.384028] input: Power Button as /devices/LNXSYSTM:00/device:00/PNP0C0C:00/input/input1
<6>[   16.384167] ACPI: Power Button [PWRB]
<6>[   16.384361] fan PNP0C0B:00: registered as cooling_device0
<6>[   16.384447] ACPI: Fan [FAN0] (off)
<6>[   16.384614] fan PNP0C0B:01: registered as cooling_device1
<6>[   16.384699] ACPI: Fan [FAN1] (off)
<6>[   16.384865] fan PNP0C0B:02: registered as cooling_device2
<6>[   16.384950] ACPI: Fan [FAN2] (off)
<6>[   16.385120] fan PNP0C0B:03: registered as cooling_device3
<6>[   16.385205] ACPI: Fan [FAN3] (off)
<6>[   16.385370] fan PNP0C0B:04: registered as cooling_device4
<6>[   16.385455] ACPI: Fan [FAN4] (off)
<4>[   16.385589] ACPI Error (psargs-0359): [\_PR_.CPU0._PPC] Namespace lookup failure, AE_NOT_FOUND
<4>[   16.385784] ACPI Error (psparse-0537): Method parse/execution failed [\_PR_.CPU0._PDC] (Node ffff88021f07cd50), AE_NOT_FOUND
<6>[   16.386121] processor ACPI_CPU:00: registered as cooling_device5
<4>[   16.386578] ACPI: SSDT 00000000da368c18 00119 (v01  PmRef    ApCst 00003000 INTL 20051117)
<4>[   16.386998] ACPI Error (psargs-0359): [\_PR_.CPU0._CST] Namespace lookup failure, AE_NOT_FOUND
<4>[   16.387198] ACPI Error (psparse-0537): Method parse/execution failed [\_PR_.CPU1._CST] (Node ffff88021e8587d0), AE_NOT_FOUND
<6>[   16.387475] processor ACPI_CPU:01: registered as cooling_device6
<4>[   16.387929] ACPI Error (psargs-0359): [\_PR_.CPU0._CST] Namespace lookup failure, AE_NOT_FOUND
<4>[   16.388129] ACPI Error (psparse-0537): Method parse/execution failed [\_PR_.CPU2._CST] (Node ffff88021e8588f0), AE_NOT_FOUND
<6>[   16.388405] processor ACPI_CPU:02: registered as cooling_device7
<4>[   16.388856] ACPI Error (psargs-0359): [\_PR_.CPU0._CST] Namespace lookup failure, AE_NOT_FOUND
<4>[   16.389055] ACPI Error (psparse-0537): Method parse/execution failed [\_PR_.CPU3._CST] (Node ffff88021e8588d0), AE_NOT_FOUND
<6>[   16.389330] processor ACPI_CPU:03: registered as cooling_device8
<4>[   16.389780] ACPI Error (psargs-0359): [\_PR_.CPU0._CST] Namespace lookup failure, AE_NOT_FOUND
<4>[   16.389974] ACPI Error (psparse-0537): Method parse/execution failed [\_PR_.CPU4._CST] (Node ffff88021e8588b0), AE_NOT_FOUND
<6>[   16.390255] processor ACPI_CPU:04: registered as cooling_device9
<4>[   16.390704] ACPI Error (psargs-0359): [\_PR_.CPU0._CST] Namespace lookup failure, AE_NOT_FOUND
<4>[   16.390899] ACPI Error (psparse-0537): Method parse/execution failed [\_PR_.CPU5._CST] (Node ffff88021e858890), AE_NOT_FOUND
<6>[   16.391178] processor ACPI_CPU:05: registered as cooling_device10
<4>[   16.391630] ACPI Error (psargs-0359): [\_PR_.CPU0._CST] Namespace lookup failure, AE_NOT_FOUND
<4>[   16.391824] ACPI Error (psparse-0537): Method parse/execution failed [\_PR_.CPU6._CST] (Node ffff88021e858870), AE_NOT_FOUND
<6>[   16.392104] processor ACPI_CPU:06: registered as cooling_device11
<4>[   16.392553] ACPI Error (psargs-0359): [\_PR_.CPU0._CST] Namespace lookup failure, AE_NOT_FOUND
<4>[   16.392748] ACPI Error (psparse-0537): Method parse/execution failed [\_PR_.CPU7._CST] (Node ffff88021e858850), AE_NOT_FOUND
<6>[   16.393023] processor ACPI_CPU:07: registered as cooling_device12
<6>[   16.396849] thermal LNXTHERM:01: registered as thermal_zone0
<6>[   16.396936] ACPI: Thermal Zone [TZ00] (28 C)
<6>[   16.397452] thermal LNXTHERM:02: registered as thermal_zone1
<6>[   16.397539] ACPI: Thermal Zone [TZ01] (30 C)
<6>[   16.397650] [drm] Initialized drm 1.1.0 20060810
<6>[   16.397754] Serial: 8250/16550 driver, 4 ports, IRQ sharing enabled
<6>[   16.640418] serial8250: ttyS0 at I/O 0x3f8 (irq = 4) is a 16550A
<6>[   16.883718] serial8250: ttyS1 at I/O 0x2f8 (irq = 3) is a 16550A
<6>[   16.884031] 00:0a: ttyS0 at I/O 0x3f8 (irq = 4) is a 16550A
<6>[   16.884228] 00:0b: ttyS1 at I/O 0x2f8 (irq = 3) is a 16550A
<6>[   16.884994] brd: module loaded
<6>[   16.885368] loop: module loaded
<6>[   16.885488] input: Macintosh mouse button emulation as /devices/virtual/input/input2
<4>[   16.885688] Driver 'sd' needs updating - please use bus_type methods
<4>[   16.885785] Driver 'sr' needs updating - please use bus_type methods
<7>[   16.885902] ahci 0000:00:1f.2: version 3.0
<6>[   16.885909] ahci 0000:00:1f.2: PCI INT B -> GSI 19 (level, low) -> IRQ 19
<7>[   16.886013]   alloc irq_desc for 30 on cpu 0 node 0
<7>[   16.886014]   alloc kstat_irqs on cpu 0 node 0
<7>[   16.886019] ahci 0000:00:1f.2: irq 30 for MSI/MSI-X
<6>[   16.886055] ahci 0000:00:1f.2: AHCI 0001.0300 32 slots 6 ports 6 Gbps 0x3 impl SATA mode
<6>[   16.886187] ahci 0000:00:1f.2: flags: 64bit ncq pm led clo pio slum part ems 
<7>[   16.886274] ahci 0000:00:1f.2: setting latency timer to 64
<6>[   16.887334] scsi0 : ahci
<6>[   16.887471] scsi1 : ahci
<6>[   16.887590] scsi2 : ahci
<6>[   16.887712] scsi3 : ahci
<6>[   16.887831] scsi4 : ahci
<6>[   16.887950] scsi5 : ahci
<6>[   16.888221] ata1: SATA max UDMA/133 abar m2048@0xf7c02000 port 0xf7c02100 irq 30
<6>[   16.888352] ata2: SATA max UDMA/133 abar m2048@0xf7c02000 port 0xf7c02180 irq 30
<6>[   16.888483] ata3: DUMMY
<6>[   16.888561] ata4: DUMMY
<6>[   16.888644] ata5: DUMMY
<6>[   16.888723] ata6: DUMMY
<6>[   16.888936] pcnet32.c:v1.35 21.Apr.2008 tsbogend@alpha.franken.de
<6>[   16.889033] e100: Intel(R) PRO/100 Network Driver, 3.5.24-k2-NAPI
<6>[   16.889118] e100: Copyright(c) 1999-2006 Intel Corporation
<6>[   16.889245] sky2 driver version 1.22
<6>[   16.889387] console [netcon0] enabled
<6>[   16.889467] netconsole: network logging started
<6>[   16.889550] Fusion MPT base driver 3.04.07
<6>[   16.889634] Copyright (c) 1999-2008 LSI Corporation
<6>[   16.889719] Fusion MPT SPI Host driver 3.04.07
<6>[   16.889867] ehci_hcd: USB 2.0 'Enhanced' Host Controller (EHCI) Driver
<7>[   16.889952] ehci_hcd: block sizes: qh 192 qtd 96 itd 192 sitd 96
<6>[   16.889964] ehci_hcd 0000:00:1a.0: PCI INT A -> GSI 16 (level, low) -> IRQ 16
<7>[   16.890056] ehci_hcd 0000:00:1a.0: setting latency timer to 64
<6>[   16.890058] ehci_hcd 0000:00:1a.0: EHCI Host Controller
<7>[   16.890163] /usr/src/linux-wm/drivers/usb/core/inode.c: creating file 'devices'
<7>[   16.890164] /usr/src/linux-wm/drivers/usb/core/inode.c: creating file '001'
<6>[   16.890185] ehci_hcd 0000:00:1a.0: new USB bus registered, assigned bus number 1
<7>[   16.890320] ehci_hcd 0000:00:1a.0: reset hcs_params 0x200002 dbg=2 cc=0 pcc=0 ordered !ppc ports=2
<7>[   16.890323] ehci_hcd 0000:00:1a.0: reset hcc_params 36881 caching frame 1024 64 bit addr
<7>[   16.890336] ehci_hcd 0000:00:1a.0: reset command 080002 (park)=0 ithresh=8 period=1024 Reset HALT
<6>[   16.894209] ehci_hcd 0000:00:1a.0: debug port 2
<7>[   16.894295] ehci_hcd 0000:00:1a.0: cache line size of 32 is not supported
<7>[   16.894296] ehci_hcd 0000:00:1a.0: supports USB remote wakeup
<6>[   16.894304] ehci_hcd 0000:00:1a.0: irq 16, io mem 0xf7c04000
<7>[   16.894389] ehci_hcd 0000:00:1a.0: reset command 080002 (park)=0 ithresh=8 period=1024 Reset HALT
<7>[   16.898251] ehci_hcd 0000:00:1a.0: init command 010001 (park)=0 ithresh=1 period=1024 RUN
<6>[   16.903567] ehci_hcd 0000:00:1a.0: USB 2.0 started, EHCI 1.00
<7>[   16.903666] usb usb1: default language 0x0409
<6>[   16.903670] usb usb1: New USB device found, idVendor=1d6b, idProduct=0002
<6>[   16.903756] usb usb1: New USB device strings: Mfr=3, Product=2, SerialNumber=1
<6>[   16.903886] usb usb1: Product: EHCI Host Controller
<6>[   16.903968] usb usb1: Manufacturer: Linux 2.6.30-gentoo-r8 ehci_hcd
<6>[   16.904052] usb usb1: SerialNumber: 0000:00:1a.0
<7>[   16.904152] usb usb1: uevent
<7>[   16.904166] usb usb1: usb_probe_device
<6>[   16.904168] usb usb1: configuration #1 chosen from 1 choice
<7>[   16.904254] usb usb1: adding 1-0:1.0 (config #1, interface 0)
<7>[   16.904261] usb 1-0:1.0: uevent
<7>[   16.904275] hub 1-0:1.0: usb_probe_interface
<7>[   16.904276] hub 1-0:1.0: usb_probe_interface - got id
<6>[   16.904277] hub 1-0:1.0: USB hub found
<6>[   16.904360] hub 1-0:1.0: 2 ports detected
<7>[   16.904441] hub 1-0:1.0: standalone hub
<7>[   16.904441] hub 1-0:1.0: no power switching (usb 1.0)
<7>[   16.904442] hub 1-0:1.0: individual port over-current protection
<7>[   16.904443] hub 1-0:1.0: power on to power good time: 20ms
<7>[   16.904445] hub 1-0:1.0: local power source is good
<7>[   16.904447] hub 1-0:1.0: trying to enable port power on non-switchable hub
<7>[   16.904488] /usr/src/linux-wm/drivers/usb/core/inode.c: creating file '001'
<7>[   16.904518]   alloc irq_desc for 23 on cpu 0 node 0
<7>[   16.904519]   alloc kstat_irqs on cpu 0 node 0
<6>[   16.904521] ehci_hcd 0000:00:1d.0: PCI INT A -> GSI 23 (level, low) -> IRQ 23
<7>[   16.904618] ehci_hcd 0000:00:1d.0: setting latency timer to 64
<6>[   16.904619] ehci_hcd 0000:00:1d.0: EHCI Host Controller
<7>[   16.904720] /usr/src/linux-wm/drivers/usb/core/inode.c: creating file '002'
<6>[   16.904741] ehci_hcd 0000:00:1d.0: new USB bus registered, assigned bus number 2
<7>[   16.904875] ehci_hcd 0000:00:1d.0: reset hcs_params 0x200002 dbg=2 cc=0 pcc=0 ordered !ppc ports=2
<7>[   16.904878] ehci_hcd 0000:00:1d.0: reset hcc_params 36881 caching frame 1024 64 bit addr
<7>[   16.904886] ehci_hcd 0000:00:1d.0: reset command 080002 (park)=0 ithresh=8 period=1024 Reset HALT
<6>[   16.908756] ehci_hcd 0000:00:1d.0: debug port 2
<7>[   16.908840] ehci_hcd 0000:00:1d.0: cache line size of 32 is not supported
<7>[   16.908841] ehci_hcd 0000:00:1d.0: supports USB remote wakeup
<6>[   16.908849] ehci_hcd 0000:00:1d.0: irq 23, io mem 0xf7c03000
<7>[   16.908934] ehci_hcd 0000:00:1d.0: reset command 080002 (park)=0 ithresh=8 period=1024 Reset HALT
<7>[   16.912797] ehci_hcd 0000:00:1d.0: init command 010001 (park)=0 ithresh=1 period=1024 RUN
<6>[   16.918524] ehci_hcd 0000:00:1d.0: USB 2.0 started, EHCI 1.00
<7>[   16.921214] usb usb2: default language 0x0409
<6>[   16.921217] usb usb2: New USB device found, idVendor=1d6b, idProduct=0002
<6>[   16.921303] usb usb2: New USB device strings: Mfr=3, Product=2, SerialNumber=1
<6>[   16.921433] usb usb2: Product: EHCI Host Controller
<6>[   16.921518] usb usb2: Manufacturer: Linux 2.6.30-gentoo-r8 ehci_hcd
<6>[   16.921604] usb usb2: SerialNumber: 0000:00:1d.0
<7>[   16.921705] usb usb2: uevent
<7>[   16.921718] usb usb2: usb_probe_device
<6>[   16.921719] usb usb2: configuration #1 chosen from 1 choice
<7>[   16.921804] usb usb2: adding 2-0:1.0 (config #1, interface 0)
<7>[   16.921811] usb 2-0:1.0: uevent
<7>[   16.921824] hub 2-0:1.0: usb_probe_interface
<7>[   16.921825] hub 2-0:1.0: usb_probe_interface - got id
<6>[   16.921825] hub 2-0:1.0: USB hub found
<6>[   16.921907] hub 2-0:1.0: 2 ports detected
<7>[   16.921988] hub 2-0:1.0: standalone hub
<7>[   16.921989] hub 2-0:1.0: no power switching (usb 1.0)
<7>[   16.921990] hub 2-0:1.0: individual port over-current protection
<7>[   16.921991] hub 2-0:1.0: power on to power good time: 20ms
<7>[   16.921993] hub 2-0:1.0: local power source is good
<7>[   16.921994] hub 2-0:1.0: trying to enable port power on non-switchable hub
<7>[   16.922020] /usr/src/linux-wm/drivers/usb/core/inode.c: creating file '001'
<6>[   16.922057] ohci_hcd: USB 1.1 'Open' Host Controller (OHCI) Driver
<7>[   16.922141] ohci_hcd: block sizes: ed 80 td 96
<6>[   16.922158] uhci_hcd: USB Universal Host Controller Interface driver
<6>[   16.922280] usbcore: registered new interface driver usblp
<6>[   16.922364] Initializing USB Mass Storage driver...
<6>[   16.922463] usbcore: registered new interface driver usb-storage
<6>[   16.922551] USB Mass Storage support registered.
<6>[   16.922651] usbcore: registered new interface driver libusual
<6>[   16.922768] usbcore: registered new interface driver usbserial
<6>[   16.922853] usbserial: USB Serial Driver core
<6>[   16.922947] USB Serial support registered for FTDI USB Serial Device
<6>[   16.923050] usbcore: registered new interface driver ftdi_sio
<6>[   16.923134] ftdi_sio: v1.4.3:USB FTDI Serial Converters Driver
<6>[   16.923230] USB Serial support registered for GSM modem (1-port)
<6>[   16.923330] usbcore: registered new interface driver option
<6>[   16.923414] option: v0.7.2:USB Driver for GSM modems
<6>[   16.923554] PNP: No PS/2 controller found. Probing ports directly.
<6>[   16.926318] serio: i8042 KBD port at 0x60,0x64 irq 1
<6>[   16.926403] serio: i8042 AUX port at 0x60,0x64 irq 12
<6>[   16.926530] mice: PS/2 mouse device common for all mice
<6>[   16.926710] rtc_cmos 00:06: RTC can wake from S4
<6>[   16.926814] rtc_cmos 00:06: rtc core: registered rtc_cmos as rtc0
<6>[   16.926920] rtc0: alarms up to one month, y3k, 242 bytes nvram, hpet irqs
<7>[   16.927025]   alloc irq_desc for 18 on cpu 0 node 0
<7>[   16.927026]   alloc kstat_irqs on cpu 0 node 0
<6>[   16.927028] i801_smbus 0000:00:1f.3: PCI INT C -> GSI 18 (level, low) -> IRQ 18
<6>[   16.927199] md: raid1 personality registered for level 1
<6>[   16.927336] device-mapper: ioctl: 4.14.0-ioctl (2008-04-23) initialised: dm-devel@redhat.com
<6>[   16.927474] cpuidle: using governor ladder
<6>[   16.927559] cpuidle: using governor menu
<6>[   16.927966] usbcore: registered new interface driver hiddev
<6>[   16.928063] usbcore: registered new interface driver usbhid
<6>[   16.928147] usbhid: v2.6:USB HID core driver
<6>[   16.928291] Advanced Linux Sound Architecture Driver Version 1.0.20.
<6>[   16.929991] ALSA device list:
<6>[   16.930071]   No soundcards found.
<6>[   16.930192] ip_tables: (C) 2000-2006 Netfilter Core Team
<6>[   16.930281] TCP cubic registered
<6>[   16.930393] NET: Registered protocol family 10
<6>[   16.930615] ip6_tables: (C) 2000-2006 Netfilter Core Team
<6>[   16.930781] RPC: Registered udp transport module.
<6>[   16.930864] RPC: Registered tcp transport module.
<6>[   16.930952] 802.1Q VLAN Support v1.8 Ben Greear <greearb@candelatech.com>
<6>[   16.931037] All bugs added by David S. Miller <davem@redhat.com>
<7>[   16.931182] PM: Resume from disk failed.
<4>[   16.931187] registered taskstats version 1
<4>[   16.931344]   Magic number: 12:885:747
<7>[   17.004280] ehci_hcd 0000:00:1a.0: GetStatus port 1 status 001803 POWER sig=j CSC CONNECT
<7>[   17.004282] hub 1-0:1.0: port 1: status 0501 change 0001
<7>[   17.021230] ehci_hcd 0000:00:1d.0: GetStatus port 1 status 001803 POWER sig=j CSC CONNECT
<7>[   17.021232] hub 2-0:1.0: port 1: status 0501 change 0001
<7>[   17.103994] hub 1-0:1.0: state 7 ports 2 chg 0002 evt 0000
<7>[   17.103999] hub 1-0:1.0: port 1, status 0501, change 0000, 480 Mb/s
<7>[   17.155041] ehci_hcd 0000:00:1a.0: port 1 high speed
<7>[   17.155043] ehci_hcd 0000:00:1a.0: GetStatus port 1 status 001005 POWER sig=se0 PE CONNECT
<6>[   17.193749] ata1: SATA link up 3.0 Gbps (SStatus 123 SControl 300)
<6>[   17.193751] ata2: SATA link up 6.0 Gbps (SStatus 133 SControl 300)
<4>[   17.194429] ata1.00: ACPI _SDD failed (AE 0x5)
<4>[   17.195051] ata2.00: ACPI _SDD failed (AE 0x5)
<6>[   17.205702] usb 1-1: new high speed USB device using ehci_hcd and address 2
<7>[   17.256749] ehci_hcd 0000:00:1a.0: port 1 high speed
<7>[   17.256751] ehci_hcd 0000:00:1a.0: GetStatus port 1 status 001005 POWER sig=se0 PE CONNECT
<6>[   17.319699] usb 1-1: New USB device found, idVendor=8087, idProduct=0024
<6>[   17.319785] usb 1-1: New USB device strings: Mfr=0, Product=0, SerialNumber=0
<7>[   17.319886] usb 1-1: uevent
<7>[   17.319903] usb 1-1: usb_probe_device
<6>[   17.319904] usb 1-1: configuration #1 chosen from 1 choice
<7>[   17.320073] usb 1-1: adding 1-1:1.0 (config #1, interface 0)
<7>[   17.320081] usb 1-1:1.0: uevent
<7>[   17.320094] hub 1-1:1.0: usb_probe_interface
<7>[   17.320095] hub 1-1:1.0: usb_probe_interface - got id
<6>[   17.320096] hub 1-1:1.0: USB hub found
<6>[   17.320322] hub 1-1:1.0: 6 ports detected
<7>[   17.320407] hub 1-1:1.0: standalone hub
<7>[   17.320408] hub 1-1:1.0: individual port power switching
<7>[   17.320409] hub 1-1:1.0: individual port over-current protection
<7>[   17.320410] hub 1-1:1.0: Single TT
<7>[   17.320411] hub 1-1:1.0: TT requires at most 8 FS bit times (666 ns)
<7>[   17.320412] hub 1-1:1.0: power on to power good time: 100ms
<7>[   17.320570] hub 1-1:1.0: local power source is good
<7>[   17.320572] hub 1-1:1.0: enabling power on all ports
<7>[   17.321342] /usr/src/linux-wm/drivers/usb/core/inode.c: creating file '002'
<7>[   17.321371] hub 2-0:1.0: state 7 ports 2 chg 0002 evt 0000
<7>[   17.321374] hub 2-0:1.0: port 1, status 0501, change 0000, 480 Mb/s
<7>[   17.372418] ehci_hcd 0000:00:1d.0: port 1 high speed
<7>[   17.372420] ehci_hcd 0000:00:1d.0: GetStatus port 1 status 001005 POWER sig=se0 PE CONNECT
<7>[   17.420785] usb 1-1: link qh256-0001/ffff88001f800180 start 255 [1/0 us]
<6>[   17.423077] usb 2-1: new high speed USB device using ehci_hcd and address 2
<7>[   17.474126] ehci_hcd 0000:00:1d.0: port 1 high speed
<7>[   17.474128] ehci_hcd 0000:00:1d.0: GetStatus port 1 status 001005 POWER sig=se0 PE CONNECT
<6>[   17.537076] usb 2-1: New USB device found, idVendor=8087, idProduct=0024
<6>[   17.537162] usb 2-1: New USB device strings: Mfr=0, Product=0, SerialNumber=0
<7>[   17.537262] usb 2-1: uevent
<7>[   17.537277] usb 2-1: usb_probe_device
<6>[   17.537278] usb 2-1: configuration #1 chosen from 1 choice
<7>[   17.537450] usb 2-1: adding 2-1:1.0 (config #1, interface 0)
<7>[   17.537458] usb 2-1:1.0: uevent
<7>[   17.537471] hub 2-1:1.0: usb_probe_interface
<7>[   17.537472] hub 2-1:1.0: usb_probe_interface - got id
<6>[   17.537473] hub 2-1:1.0: USB hub found
<6>[   17.537699] hub 2-1:1.0: 8 ports detected
<7>[   17.537784] hub 2-1:1.0: standalone hub
<7>[   17.537785] hub 2-1:1.0: individual port power switching
<7>[   17.537786] hub 2-1:1.0: individual port over-current protection
<7>[   17.537787] hub 2-1:1.0: Single TT
<7>[   17.537788] hub 2-1:1.0: TT requires at most 8 FS bit times (666 ns)
<7>[   17.537789] hub 2-1:1.0: power on to power good time: 100ms
<7>[   17.537948] hub 2-1:1.0: local power source is good
<7>[   17.537949] hub 2-1:1.0: enabling power on all ports
<7>[   17.538967] /usr/src/linux-wm/drivers/usb/core/inode.c: creating file '002'
<7>[   17.538990] hub 1-1:1.0: state 7 ports 6 chg 0000 evt 0000
<7>[   17.638659] hub 2-1:1.0: port 2: status 0101 change 0001
<7>[   17.739168] usb 2-1: link qh256-0001/ffff88001f804180 start 255 [1/0 us]
<7>[   17.739173] hub 2-1:1.0: state 7 ports 8 chg 0004 evt 0000
<7>[   17.739248] hub 2-1:1.0: port 2, status 0101, change 0000, 12 Mb/s
<7>[   17.750217] hub 2-1:1.0: port 2 not reset yet, waiting 10ms
<6>[   17.812042] usb 2-1.2: new low speed USB device using ehci_hcd and address 3
<7>[   17.824005] hub 2-1:1.0: port 2 not reset yet, waiting 10ms
<7>[   17.900786] usb 2-1.2: skipped 1 descriptor after interface
<7>[   17.901283] usb 2-1.2: default language 0x0409
<6>[   17.903651] usb 2-1.2: New USB device found, idVendor=045e, idProduct=07b9
<6>[   17.903740] usb 2-1.2: New USB device strings: Mfr=1, Product=2, SerialNumber=0
<6>[   17.903871] usb 2-1.2: Product: USB Keyboard
<6>[   17.903952] usb 2-1.2: Manufacturer: LITEON Technology
<7>[   17.904052] usb 2-1.2: uevent
<7>[   17.904066] usb 2-1.2: usb_probe_device
<6>[   17.904067] usb 2-1.2: configuration #1 chosen from 1 choice
<7>[   17.905646] usb 2-1.2: adding 2-1.2:1.0 (config #1, interface 0)
<7>[   17.906645] usb 2-1.2:1.0: uevent
<7>[   17.906666] usbhid 2-1.2:1.0: usb_probe_interface
<7>[   17.906667] usbhid 2-1.2:1.0: usb_probe_interface - got id
<6>[   17.908979] input: LITEON Technology USB Keyboard as /devices/pci0000:00/0000:00:1d.0/usb2/2-1/2-1.2/2-1.2:1.0/input/input3
<7>[   17.909120] usb 2-1.2: link qh16-0601/ffff88001f804300 start 15 [1/2 us]
<6>[   17.909159] generic-usb 0003:045E:07B9.0001: input,hidraw0: USB HID v1.10 Keyboard [LITEON Technology USB Keyboard] on usb-0000:00:1d.0-1.2/input0
<7>[   17.909320] /usr/src/linux-wm/drivers/usb/core/inode.c: creating file '003'
<7>[   20.335710] hub 1-1:1.0: hub_suspend
<7>[   20.335713] usb 1-1: unlink qh256-0001/ffff88001f800180 start 255 [1/0 us]
<7>[   20.335807] usb 1-1: usb auto-suspend
<6>[   22.485550] ata2: SATA link up 6.0 Gbps (SStatus 133 SControl 300)
<6>[   22.485551] ata1: SATA link up 3.0 Gbps (SStatus 123 SControl 300)
<4>[   22.486069] ata1.00: ACPI _SDD failed (AE 0x5)
<4>[   22.486151] ata1.00: ACPI: failed the second time, disabled
<6>[   22.486299] ata1.00: ATA-8: WDC WD5003ABYX-01WERA1, 01.01S02, max UDMA/133
<6>[   22.486384] ata1.00: 976773168 sectors, multi 16: LBA48 NCQ (depth 31/32)
<4>[   22.486970] ata2.00: ACPI _SDD failed (AE 0x5)
<4>[   22.487055] ata2.00: ACPI: failed the second time, disabled
<6>[   22.487223] ata1.00: configured for UDMA/133
<6>[   22.487307] ata2.00: ATA-8: WDC WD5000AAKX-001CA0, 15.01H15, max UDMA/133
<6>[   22.487393] ata2.00: 976773168 sectors, multi 16: LBA48 NCQ (depth 31/32)
<6>[   22.489320] ata2.00: configured for UDMA/133
<5>[   22.497549] scsi 0:0:0:0: Direct-Access     ATA      WDC WD5003ABYX-0 01.0 PQ: 0 ANSI: 5
<5>[   22.497782] sd 0:0:0:0: [sda] 976773168 512-byte hardware sectors: (500 GB/465 GiB)
<5>[   22.497922] sd 0:0:0:0: [sda] Write Protect is off
<7>[   22.498005] sd 0:0:0:0: [sda] Mode Sense: 00 3a 00 00
<5>[   22.498012] sd 0:0:0:0: Attached scsi generic sg0 type 0
<5>[   22.498015] sd 0:0:0:0: [sda] Write cache: enabled, read cache: enabled, doesn't support DPO or FUA
<6>[   22.498054]  sda:<5>scsi 1:0:0:0: Direct-Access     ATA      WDC WD5000AAKX-0 15.0 PQ: 0 ANSI: 5
<5>[   22.499731] sd 1:0:0:0: [sdb] 976773168 512-byte hardware sectors: (500 GB/465 GiB)
<5>[   22.499866] sd 1:0:0:0: [sdb] Write Protect is off
<7>[   22.499948] sd 1:0:0:0: [sdb] Mode Sense: 00 3a 00 00
<5>[   22.499956] sd 1:0:0:0: [sdb] Write cache: enabled, read cache: enabled, doesn't support DPO or FUA
<6>[   22.500120]  sdb:<5>sd 1:0:0:0: Attached scsi generic sg1 type 0
<4>[   22.512838]  sda1 sda2 sda3 sda4 < sda5 sdb1 sdb2 sdb3 sdb4 < sda6 sda7 sda8 sda9 sdb5 sda10 sdb6 sda11 >
<5>[   22.548299] sd 0:0:0:0: [sda] Attached SCSI disk
<4>[   22.554267]  sdb7 sdb8 sdb9 sdb10 sdb11 sdb12 >
<5>[   22.615015] sd 1:0:0:0: [sdb] Attached SCSI disk
<6>[   22.615105] Freeing unused kernel memory: 492k freed
<6>[   22.615237] Write protecting the kernel read-only data: 6464k
<6>[   22.989567] EXT3-fs: INFO: recovery required on readonly filesystem.
<6>[   22.989568] EXT3-fs: write access will be enabled during recovery.
<6>[   23.028340] kjournald starting.  Commit interval 5 seconds
<6>[   23.028344] EXT3-fs: recovery complete.
<6>[   23.028591] EXT3-fs: mounted filesystem with writeback data mode.
<7>[   23.327124] hub 1-0:1.0: hub_suspend
<7>[   23.327128] usb usb1: bus auto-suspend
<7>[   23.327130] ehci_hcd 0000:00:1a.0: suspend root hub
<6>[   23.889185] udev[1774]: starting version 164
<7>[   23.895562] usb usb1: uevent
<7>[   23.895660] usb 1-1: uevent
<7>[   23.895793] usb usb2: uevent
<7>[   23.895894] usb 2-1: uevent
<7>[   23.895918] usb 2-1.2: uevent
<7>[   23.899397] usb 2-1.2:1.0: uevent
<7>[   23.899464] usb 2-1.2: uevent
<7>[   23.907835] usb 2-1.2:1.0: uevent
<6>[   25.820651] md: md1 stopped.
<6>[   25.821390] md: bind<sdb8>
<6>[   25.833712] md: bind<sdb7>
<4>[   25.834117] md1: WARNING: sdb7 appears to be on the same physical disk as sdb8.
<4>[   25.834119] True protection against single-disk failure might be compromised.
<6>[   25.834173] raid1: raid set md1 active with 2 out of 2 mirrors
<6>[   25.834264]  md1: unknown partition table
<6>[   30.512311] md: md0 stopped.
<6>[   30.525090] md: bind<sdb6>
<6>[   30.525203] md: bind<sdb5>
<4>[   30.525577] md0: WARNING: sdb5 appears to be on the same physical disk as sdb6.
<4>[   30.525579] True protection against single-disk failure might be compromised.
<6>[   30.525628] raid1: raid set md0 active with 2 out of 2 mirrors
<6>[   30.525735]  md0: unknown partition table
<6>[   35.170730] md: md127 stopped.
<6>[   35.173570] md: bind<sda8>
<6>[   35.173655] md: bind<sda7>
<4>[   35.174043] md127: WARNING: sda7 appears to be on the same physical disk as sda8.
<4>[   35.174051] True protection against single-disk failure might be compromised.
<6>[   35.174089] raid1: raid set md127 active with 2 out of 2 mirrors
<6>[   35.174135]  md127: unknown partition table
<6>[   39.827261] md: md126 stopped.
<6>[   39.831653] md: bind<sda6>
<6>[   39.831737] md: bind<sda5>
<4>[   39.832124] md126: WARNING: sda5 appears to be on the same physical disk as sda6.
<4>[   39.832126] True protection against single-disk failure might be compromised.
<6>[   39.832173] raid1: raid set md126 active with 2 out of 2 mirrors
<6>[   39.832210]  md126: unknown partition table
<4>[   44.801478] EXT3-fs warning: maximal mount count reached, running e2fsck is recommended
<6>[   44.801654] EXT3 FS on sdb2, internal journal
<4>[  127.213212] EXT3-fs warning: maximal mount count reached, running e2fsck is recommended
<6>[  127.213343] EXT3 FS on sdb2, internal journal
<6>[  127.389684] kjournald starting.  Commit interval 5 seconds
<6>[  127.412580] EXT3 FS on md0, internal journal
<6>[  127.412583] EXT3-fs: mounted filesystem with writeback data mode.
<6>[  127.659125] kjournald starting.  Commit interval 5 seconds
<6>[  127.659284] EXT3 FS on sdb9, internal journal
<6>[  127.659287] EXT3-fs: mounted filesystem with writeback data mode.
<6>[  127.771727] kjournald starting.  Commit interval 5 seconds
<6>[  127.817388] EXT3 FS on md1, internal journal
<6>[  127.817391] EXT3-fs: mounted filesystem with ordered data mode.
<6>[  127.858752] kjournald starting.  Commit interval 5 seconds
<6>[  127.858897] EXT3 FS on sdb10, internal journal
<6>[  127.858899] EXT3-fs: mounted filesystem with ordered data mode.
<6>[  127.859572] kjournald starting.  Commit interval 5 seconds
<4>[  127.859574] EXT3-fs warning: maximal mount count reached, running e2fsck is recommended
<6>[  127.927780] EXT3 FS on md0, internal journal
<6>[  127.927781] EXT3-fs: mounted filesystem with ordered data mode.
<6>[  128.630621] udev[2352]: starting version 164
<7>[  128.636441] usb usb1: uevent
<7>[  128.636449] usb 1-0:1.0: uevent
<7>[  128.636465] usb 1-1: uevent
<7>[  128.636472] usb 1-1:1.0: uevent
<7>[  128.636514] usb usb2: uevent
<7>[  128.636521] usb 2-0:1.0: uevent
<7>[  128.636535] usb 2-1: uevent
<7>[  128.636543] usb 2-1.2: uevent
<7>[  128.636551] usb 2-1.2:1.0: uevent
<7>[  128.636607] usb 2-1:1.0: uevent
<7>[  128.649197] usb 2-1.2:1.0: uevent
<7>[  128.649260] usb 2-1.2: uevent
<7>[  128.650129] usb 2-1.2:1.0: uevent
<4>[  132.332647] proc_crash_kernel_open() OK.
<4>[  132.409859] proc_crash_kernel_release() ok.
<6>[  136.188156] klibstd_init
<6>[  136.202900] klibtools_init
<6>[  136.239686] sys_layer_init
<4>[  136.385719] logger_init ok
<6>[  136.413274] init sinfor watchdog...
<6>[  136.413276] sinfor watchdog init ok:
<6>[  136.413277]  debug:0, verbose:7, alert_time:5, nmi_hz:1000.
<6>[  136.413278] 	check users: on
<6>[  136.413278] 	check bh: on
<6>[  136.413278] 	reboot: off<6>Intel(R) PRO/1000 Network Driver - version 7.3.21-k3-NAPI
<6>[  136.515938] Copyright (c) 1999-2006 Intel Corporation.
<6>[  137.038535] e1000e: Intel(R) PRO/1000 Network Driver - 2.0.0.1-NAPI
<6>[  137.038537] e1000e: Copyright(c) 1999 - 2012 Intel Corporation.
<6>[  137.123688] Intel(R) Gigabit Ethernet Network Driver - version 3.4.8
<6>[  137.123690] Copyright (c) 2007-2011 Intel Corporation.
<4>[  137.123701] /Packet/ac/module/nic_drv/drv/igb-3.4.8/src/igb_main.c:576>register sangfor proc:/proc/ac/igb/work_way, ret=0
<6>[  137.123723] igb 0000:03:00.0: PCI INT A -> GSI 18 (level, low) -> IRQ 18
<7>[  137.123745] igb 0000:03:00.0: setting latency timer to 64
<4>[  137.123989] igb=0000:03:00.0 tx queues = 8
<7>[  137.124034]   alloc irq_desc for 31 on cpu 0 node 0
<7>[  137.124035]   alloc kstat_irqs on cpu 0 node 0
<7>[  137.124037] igb 0000:03:00.0: irq 31 for MSI/MSI-X
<7>[  137.124039]   alloc irq_desc for 32 on cpu 0 node 0
<7>[  137.124040]   alloc kstat_irqs on cpu 0 node 0
<7>[  137.124041] igb 0000:03:00.0: irq 32 for MSI/MSI-X
<7>[  137.124042]   alloc irq_desc for 33 on cpu 0 node 0
<7>[  137.124043]   alloc kstat_irqs on cpu 0 node 0
<7>[  137.124045] igb 0000:03:00.0: irq 33 for MSI/MSI-X
<7>[  137.124046]   alloc irq_desc for 34 on cpu 0 node 0
<7>[  137.124047]   alloc kstat_irqs on cpu 0 node 0
<7>[  137.124048] igb 0000:03:00.0: irq 34 for MSI/MSI-X
<7>[  137.124049]   alloc irq_desc for 35 on cpu 0 node 0
<7>[  137.124050]   alloc kstat_irqs on cpu 0 node 0
<7>[  137.124051] igb 0000:03:00.0: irq 35 for MSI/MSI-X
<7>[  137.124052]   alloc irq_desc for 36 on cpu 0 node 0
<7>[  137.124053]   alloc kstat_irqs on cpu 0 node 0
<7>[  137.124055] igb 0000:03:00.0: irq 36 for MSI/MSI-X
<7>[  137.124056]   alloc irq_desc for 37 on cpu 0 node 0
<7>[  137.124057]   alloc kstat_irqs on cpu 0 node 0
<7>[  137.124058] igb 0000:03:00.0: irq 37 for MSI/MSI-X
<7>[  137.124060]   alloc irq_desc for 38 on cpu 0 node 0
<7>[  137.124061]   alloc kstat_irqs on cpu 0 node 0
<7>[  137.124063] igb 0000:03:00.0: irq 38 for MSI/MSI-X
<7>[  137.124064]   alloc irq_desc for 39 on cpu 0 node 0
<7>[  137.124065]   alloc kstat_irqs on cpu 0 node 0
<7>[  137.124066] igb 0000:03:00.0: irq 39 for MSI/MSI-X
<4>[  137.313956] haha dev ffff8801f0d9c000 dev->name = eth0
<6>[  137.313959] igb 0000:03:00.0: Intel(R) Gigabit Ethernet Network Connection
<6>[  137.313960] igb 0000:03:00.0: eth0: (PCIe:2.5GT/s:Width x4
<6>[  137.313961] ) <6>igb 0000:03:00.0: eth0: MAC: 00:90:0b:3d:e8:62
<6>[  137.314039] igb 0000:03:00.0: eth0: PBA No: FFFFFF-0FF
<6>[  137.314041] igb 0000:03:00.0: Using MSI-X interrupts. 1 rx queue(s), 8 tx queue(s)
<6>[  137.314050] igb 0000:03:00.1: PCI INT B -> GSI 19 (level, low) -> IRQ 19
<7>[  137.314069] igb 0000:03:00.1: setting latency timer to 64
<4>[  137.314281] igb=0000:03:00.1 tx queues = 8
<7>[  137.314325]   alloc irq_desc for 40 on cpu 0 node 0
<7>[  137.314326]   alloc kstat_irqs on cpu 0 node 0
<7>[  137.314328] igb 0000:03:00.1: irq 40 for MSI/MSI-X
<7>[  137.314329]   alloc irq_desc for 41 on cpu 0 node 0
<7>[  137.314330]   alloc kstat_irqs on cpu 0 node 0
<7>[  137.314332] igb 0000:03:00.1: irq 41 for MSI/MSI-X
<7>[  137.314333]   alloc irq_desc for 42 on cpu 0 node 0
<7>[  137.314334]   alloc kstat_irqs on cpu 0 node 0
<7>[  137.314335] igb 0000:03:00.1: irq 42 for MSI/MSI-X
<7>[  137.314336]   alloc irq_desc for 43 on cpu 0 node 0
<7>[  137.314337]   alloc kstat_irqs on cpu 0 node 0
<7>[  137.314339] igb 0000:03:00.1: irq 43 for MSI/MSI-X
<7>[  137.314340]   alloc irq_desc for 44 on cpu 0 node 0
<7>[  137.314341]   alloc kstat_irqs on cpu 0 node 0
<7>[  137.314342] igb 0000:03:00.1: irq 44 for MSI/MSI-X
<7>[  137.314343]   alloc irq_desc for 45 on cpu 0 node 0
<7>[  137.314344]   alloc kstat_irqs on cpu 0 node 0
<7>[  137.314345] igb 0000:03:00.1: irq 45 for MSI/MSI-X
<7>[  137.314347]   alloc irq_desc for 46 on cpu 0 node 0
<7>[  137.314347]   alloc kstat_irqs on cpu 0 node 0
<7>[  137.314349] igb 0000:03:00.1: irq 46 for MSI/MSI-X
<7>[  137.314350]   alloc irq_desc for 47 on cpu 0 node 0
<7>[  137.314351]   alloc kstat_irqs on cpu 0 node 0
<7>[  137.314352] igb 0000:03:00.1: irq 47 for MSI/MSI-X
<7>[  137.314353]   alloc irq_desc for 48 on cpu 0 node 0
<7>[  137.314354]   alloc kstat_irqs on cpu 0 node 0
<7>[  137.314356] igb 0000:03:00.1: irq 48 for MSI/MSI-X
<6>[  137.314690] udev[2646]: renamed network interface eth0 to eth3
<4>[  137.504386] haha dev ffff8801f3cf4000 dev->name = eth0
<6>[  137.504388] igb 0000:03:00.1: Intel(R) Gigabit Ethernet Network Connection
<6>[  137.504389] igb 0000:03:00.1: eth0: (PCIe:2.5GT/s:Width x4
<6>[  137.504390] ) <6>igb 0000:03:00.1: eth0: MAC: 00:90:0b:3d:e8:63
<6>[  137.504467] igb 0000:03:00.1: eth0: PBA No: FFFFFF-0FF
<6>[  137.504468] igb 0000:03:00.1: Using MSI-X interrupts. 1 rx queue(s), 8 tx queue(s)
<6>[  137.504479] igb 0000:04:00.0: PCI INT A -> GSI 19 (level, low) -> IRQ 19
<7>[  137.504497] igb 0000:04:00.0: setting latency timer to 64
<4>[  137.504705] igb=0000:04:00.0 tx queues = 8
<7>[  137.504749]   alloc irq_desc for 49 on cpu 0 node 0
<7>[  137.504750]   alloc kstat_irqs on cpu 0 node 0
<7>[  137.504751] igb 0000:04:00.0: irq 49 for MSI/MSI-X
<7>[  137.504753]   alloc irq_desc for 50 on cpu 0 node 0
<7>[  137.504753]   alloc kstat_irqs on cpu 0 node 0
<7>[  137.504755] igb 0000:04:00.0: irq 50 for MSI/MSI-X
<7>[  137.504756]   alloc irq_desc for 51 on cpu 0 node 0
<7>[  137.504757]   alloc kstat_irqs on cpu 0 node 0
<7>[  137.504758] igb 0000:04:00.0: irq 51 for MSI/MSI-X
<7>[  137.504760]   alloc irq_desc for 52 on cpu 0 node 0
<7>[  137.504760]   alloc kstat_irqs on cpu 0 node 0
<7>[  137.504762] igb 0000:04:00.0: irq 52 for MSI/MSI-X
<7>[  137.504763]   alloc irq_desc for 53 on cpu 0 node 0
<7>[  137.504764]   alloc kstat_irqs on cpu 0 node 0
<7>[  137.504765] igb 0000:04:00.0: irq 53 for MSI/MSI-X
<7>[  137.504766]   alloc irq_desc for 54 on cpu 0 node 0
<7>[  137.504767]   alloc kstat_irqs on cpu 0 node 0
<7>[  137.504768] igb 0000:04:00.0: irq 54 for MSI/MSI-X
<7>[  137.504770]   alloc irq_desc for 55 on cpu 0 node 0
<7>[  137.504770]   alloc kstat_irqs on cpu 0 node 0
<7>[  137.504772] igb 0000:04:00.0: irq 55 for MSI/MSI-X
<7>[  137.504773]   alloc irq_desc for 56 on cpu 0 node 0
<7>[  137.504774]   alloc kstat_irqs on cpu 0 node 0
<7>[  137.504775] igb 0000:04:00.0: irq 56 for MSI/MSI-X
<7>[  137.504776]   alloc irq_desc for 57 on cpu 0 node 0
<7>[  137.504778]   alloc kstat_irqs on cpu 0 node 0
<7>[  137.504779] igb 0000:04:00.0: irq 57 for MSI/MSI-X
<6>[  137.505076] udev[2646]: renamed network interface eth0 to eth1
<4>[  137.694840] haha dev ffff8801f0d9e000 dev->name = eth0
<6>[  137.694842] igb 0000:04:00.0: Intel(R) Gigabit Ethernet Network Connection
<6>[  137.694843] igb 0000:04:00.0: eth0: (PCIe:2.5GT/s:Width x4
<6>[  137.694844] ) <6>igb 0000:04:00.0: eth0: MAC: 00:90:0b:3d:e8:64
<6>[  137.694922] igb 0000:04:00.0: eth0: PBA No: FFFFFF-0FF
<6>[  137.694923] igb 0000:04:00.0: Using MSI-X interrupts. 1 rx queue(s), 8 tx queue(s)
<6>[  137.694933] igb 0000:04:00.1: PCI INT B -> GSI 16 (level, low) -> IRQ 16
<7>[  137.694952] igb 0000:04:00.1: setting latency timer to 64
<4>[  137.695159] igb=0000:04:00.1 tx queues = 8
<7>[  137.695202]   alloc irq_desc for 58 on cpu 0 node 0
<7>[  137.695203]   alloc kstat_irqs on cpu 0 node 0
<7>[  137.695204] igb 0000:04:00.1: irq 58 for MSI/MSI-X
<7>[  137.695205]   alloc irq_desc for 59 on cpu 0 node 0
<7>[  137.695206]   alloc kstat_irqs on cpu 0 node 0
<7>[  137.695208] igb 0000:04:00.1: irq 59 for MSI/MSI-X
<7>[  137.695209]   alloc irq_desc for 60 on cpu 0 node 0
<7>[  137.695210]   alloc kstat_irqs on cpu 0 node 0
<7>[  137.695211] igb 0000:04:00.1: irq 60 for MSI/MSI-X
<7>[  137.695212]   alloc irq_desc for 61 on cpu 0 node 0
<7>[  137.695213]   alloc kstat_irqs on cpu 0 node 0
<7>[  137.695214] igb 0000:04:00.1: irq 61 for MSI/MSI-X
<7>[  137.695215]   alloc irq_desc for 62 on cpu 0 node 0
<7>[  137.695216]   alloc kstat_irqs on cpu 0 node 0
<7>[  137.695217] igb 0000:04:00.1: irq 62 for MSI/MSI-X
<7>[  137.695218]   alloc irq_desc for 63 on cpu 0 node 0
<7>[  137.695219]   alloc kstat_irqs on cpu 0 node 0
<7>[  137.695221] igb 0000:04:00.1: irq 63 for MSI/MSI-X
<7>[  137.695222]   alloc irq_desc for 64 on cpu 0 node 0
<7>[  137.695223]   alloc kstat_irqs on cpu 0 node 0
<7>[  137.695225] igb 0000:04:00.1: irq 64 for MSI/MSI-X
<7>[  137.695226]   alloc irq_desc for 65 on cpu 0 node 0
<7>[  137.695227]   alloc kstat_irqs on cpu 0 node 0
<7>[  137.695228] igb 0000:04:00.1: irq 65 for MSI/MSI-X
<7>[  137.695229]   alloc irq_desc for 66 on cpu 0 node 0
<7>[  137.695230]   alloc kstat_irqs on cpu 0 node 0
<7>[  137.695231] igb 0000:04:00.1: irq 66 for MSI/MSI-X
<6>[  137.695534] udev[2646]: renamed network interface eth0 to eth2
<4>[  137.885294] haha dev ffff8801f305a000 dev->name = eth0
<6>[  137.885296] igb 0000:04:00.1: Intel(R) Gigabit Ethernet Network Connection
<6>[  137.885297] igb 0000:04:00.1: eth0: (PCIe:2.5GT/s:Width x4
<6>[  137.885297] ) <6>igb 0000:04:00.1: eth0: MAC: 00:90:0b:3d:e8:65
<6>[  137.885375] igb 0000:04:00.1: eth0: PBA No: FFFFFF-0FF
<6>[  137.885376] igb 0000:04:00.1: Using MSI-X interrupts. 1 rx queue(s), 8 tx queue(s)
<6>[  137.885385] igb 0000:05:00.0: PCI INT B -> GSI 18 (level, low) -> IRQ 18
<7>[  137.885399] igb 0000:05:00.0: setting latency timer to 64
<4>[  137.885610] igb=0000:05:00.0 tx queues = 8
<7>[  137.885643]   alloc irq_desc for 67 on cpu 0 node 0
<7>[  137.885644]   alloc kstat_irqs on cpu 0 node 0
<7>[  137.885646] igb 0000:05:00.0: irq 67 for MSI/MSI-X
<7>[  137.885647]   alloc irq_desc for 68 on cpu 0 node 0
<7>[  137.885648]   alloc kstat_irqs on cpu 0 node 0
<7>[  137.885649] igb 0000:05:00.0: irq 68 for MSI/MSI-X
<7>[  137.885650]   alloc irq_desc for 69 on cpu 0 node 0
<7>[  137.885651]   alloc kstat_irqs on cpu 0 node 0
<7>[  137.885652] igb 0000:05:00.0: irq 69 for MSI/MSI-X
<7>[  137.885654]   alloc irq_desc for 70 on cpu 0 node 0
<7>[  137.885655]   alloc kstat_irqs on cpu 0 node 0
<7>[  137.885656] igb 0000:05:00.0: irq 70 for MSI/MSI-X
<7>[  137.885657]   alloc irq_desc for 71 on cpu 0 node 0
<7>[  137.885658]   alloc kstat_irqs on cpu 0 node 0
<7>[  137.885659] igb 0000:05:00.0: irq 71 for MSI/MSI-X
<7>[  137.885660]   alloc irq_desc for 72 on cpu 0 node 0
<7>[  137.885662]   alloc kstat_irqs on cpu 0 node 0
<7>[  137.885663] igb 0000:05:00.0: irq 72 for MSI/MSI-X
<7>[  137.885664]   alloc irq_desc for 73 on cpu 0 node 0
<7>[  137.885665]   alloc kstat_irqs on cpu 0 node 0
<7>[  137.885666] igb 0000:05:00.0: irq 73 for MSI/MSI-X
<7>[  137.885667]   alloc irq_desc for 74 on cpu 0 node 0
<7>[  137.885668]   alloc kstat_irqs on cpu 0 node 0
<7>[  137.885670] igb 0000:05:00.0: irq 74 for MSI/MSI-X
<7>[  137.885671]   alloc irq_desc for 75 on cpu 0 node 0
<7>[  137.885671]   alloc kstat_irqs on cpu 0 node 0
<7>[  137.885673] igb 0000:05:00.0: irq 75 for MSI/MSI-X
<4>[  137.915092] haha dev ffff88021cd30000 dev->name = eth4
<6>[  137.915093] igb 0000:05:00.0: Intel(R) Gigabit Ethernet Network Connection
<6>[  137.915095] igb 0000:05:00.0: eth4: (PCIe:2.5GT/s:Width x4
<6>[  137.915095] ) <6>igb 0000:05:00.0: eth4: MAC: 00:90:0b:3d:35:4e
<6>[  137.915172] igb 0000:05:00.0: eth4: PBA No: 0001FF-0FF
<6>[  137.915174] igb 0000:05:00.0: Using MSI-X interrupts. 1 rx queue(s), 8 tx queue(s)
<7>[  137.915182]   alloc irq_desc for 17 on cpu 0 node 0
<7>[  137.915183]   alloc kstat_irqs on cpu 0 node 0
<6>[  137.915186] igb 0000:05:00.1: PCI INT A -> GSI 17 (level, low) -> IRQ 17
<7>[  137.915200] igb 0000:05:00.1: setting latency timer to 64
<4>[  137.915411] igb=0000:05:00.1 tx queues = 8
<7>[  137.915444]   alloc irq_desc for 76 on cpu 0 node 0
<7>[  137.915445]   alloc kstat_irqs on cpu 0 node 0
<7>[  137.915447] igb 0000:05:00.1: irq 76 for MSI/MSI-X
<7>[  137.915448]   alloc irq_desc for 77 on cpu 0 node 0
<7>[  137.915449]   alloc kstat_irqs on cpu 0 node 0
<7>[  137.915450] igb 0000:05:00.1: irq 77 for MSI/MSI-X
<7>[  137.915451]   alloc irq_desc for 78 on cpu 0 node 0
<7>[  137.915452]   alloc kstat_irqs on cpu 0 node 0
<7>[  137.915453] igb 0000:05:00.1: irq 78 for MSI/MSI-X
<7>[  137.915454]   alloc irq_desc for 79 on cpu 0 node 0
<7>[  137.915455]   alloc kstat_irqs on cpu 0 node 0
<7>[  137.915457] igb 0000:05:00.1: irq 79 for MSI/MSI-X
<7>[  137.915458]   alloc irq_desc for 80 on cpu 0 node 0
<7>[  137.915459]   alloc kstat_irqs on cpu 0 node 0
<7>[  137.915460] igb 0000:05:00.1: irq 80 for MSI/MSI-X
<7>[  137.915461]   alloc irq_desc for 81 on cpu 0 node 0
<7>[  137.915462]   alloc kstat_irqs on cpu 0 node 0
<7>[  137.915463] igb 0000:05:00.1: irq 81 for MSI/MSI-X
<7>[  137.915464]   alloc irq_desc for 82 on cpu 0 node 0
<7>[  137.915465]   alloc kstat_irqs on cpu 0 node 0
<7>[  137.915467] igb 0000:05:00.1: irq 82 for MSI/MSI-X
<7>[  137.915468]   alloc irq_desc for 83 on cpu 0 node 0
<7>[  137.915469]   alloc kstat_irqs on cpu 0 node 0
<7>[  137.915470] igb 0000:05:00.1: irq 83 for MSI/MSI-X
<7>[  137.915471]   alloc irq_desc for 84 on cpu 0 node 0
<7>[  137.915472]   alloc kstat_irqs on cpu 0 node 0
<7>[  137.915473] igb 0000:05:00.1: irq 84 for MSI/MSI-X
<6>[  137.915754] udev[2646]: renamed network interface eth4 to eth5
<4>[  137.945008] haha dev ffff88021d9de000 dev->name = eth4
<6>[  137.945010] igb 0000:05:00.1: Intel(R) Gigabit Ethernet Network Connection
<6>[  137.945011] igb 0000:05:00.1: eth4: (PCIe:2.5GT/s:Width x4
<6>[  137.945012] ) <6>igb 0000:05:00.1: eth4: MAC: 00:90:0b:3d:35:4f
<6>[  137.945088] igb 0000:05:00.1: eth4: PBA No: 0001FF-0FF
<6>[  137.945089] igb 0000:05:00.1: Using MSI-X interrupts. 1 rx queue(s), 8 tx queue(s)
<6>[  137.945098] igb 0000:06:00.0: PCI INT B -> GSI 19 (level, low) -> IRQ 19
<7>[  137.945112] igb 0000:06:00.0: setting latency timer to 64
<4>[  137.945323] igb=0000:06:00.0 tx queues = 8
<7>[  137.945356]   alloc irq_desc for 85 on cpu 0 node 0
<7>[  137.945357]   alloc kstat_irqs on cpu 0 node 0
<7>[  137.945359] igb 0000:06:00.0: irq 85 for MSI/MSI-X
<7>[  137.945360]   alloc irq_desc for 86 on cpu 0 node 0
<7>[  137.945361]   alloc kstat_irqs on cpu 0 node 0
<7>[  137.945363] igb 0000:06:00.0: irq 86 for MSI/MSI-X
<7>[  137.945364]   alloc irq_desc for 87 on cpu 0 node 0
<7>[  137.945365]   alloc kstat_irqs on cpu 0 node 0
<7>[  137.945366] igb 0000:06:00.0: irq 87 for MSI/MSI-X
<7>[  137.945367]   alloc irq_desc for 88 on cpu 0 node 0
<7>[  137.945368]   alloc kstat_irqs on cpu 0 node 0
<7>[  137.945369] igb 0000:06:00.0: irq 88 for MSI/MSI-X
<7>[  137.945370]   alloc irq_desc for 89 on cpu 0 node 0
<7>[  137.945371]   alloc kstat_irqs on cpu 0 node 0
<7>[  137.945373] igb 0000:06:00.0: irq 89 for MSI/MSI-X
<7>[  137.945374]   alloc irq_desc for 90 on cpu 0 node 0
<7>[  137.945375]   alloc kstat_irqs on cpu 0 node 0
<7>[  137.945376] igb 0000:06:00.0: irq 90 for MSI/MSI-X
<7>[  137.945377]   alloc irq_desc for 91 on cpu 0 node 0
<7>[  137.945378]   alloc kstat_irqs on cpu 0 node 0
<7>[  137.945379] igb 0000:06:00.0: irq 91 for MSI/MSI-X
<7>[  137.945380]   alloc irq_desc for 92 on cpu 0 node 0
<7>[  137.945381]   alloc kstat_irqs on cpu 0 node 0
<7>[  137.945383] igb 0000:06:00.0: irq 92 for MSI/MSI-X
<7>[  137.945384]   alloc irq_desc for 93 on cpu 0 node 0
<7>[  137.945385]   alloc kstat_irqs on cpu 0 node 0
<7>[  137.945386] igb 0000:06:00.0: irq 93 for MSI/MSI-X
<4>[  137.974922] haha dev ffff88021ccd4000 dev->name = eth6
<6>[  137.974923] igb 0000:06:00.0: Intel(R) Gigabit Ethernet Network Connection
<6>[  137.974925] igb 0000:06:00.0: eth6: (PCIe:2.5GT/s:Width x4
<6>[  137.974925] ) <6>igb 0000:06:00.0: eth6: MAC: 00:90:0b:3d:35:4c
<6>[  137.975002] igb 0000:06:00.0: eth6: PBA No: 0001FF-0FF
<6>[  137.975003] igb 0000:06:00.0: Using MSI-X interrupts. 1 rx queue(s), 8 tx queue(s)
<6>[  137.975011] igb 0000:06:00.1: PCI INT A -> GSI 18 (level, low) -> IRQ 18
<7>[  137.975025] igb 0000:06:00.1: setting latency timer to 64
<4>[  137.975236] igb=0000:06:00.1 tx queues = 8
<7>[  137.975269]   alloc irq_desc for 94 on cpu 0 node 0
<7>[  137.975270]   alloc kstat_irqs on cpu 0 node 0
<7>[  137.975272] igb 0000:06:00.1: irq 94 for MSI/MSI-X
<7>[  137.975273]   alloc irq_desc for 95 on cpu 0 node 0
<7>[  137.975274]   alloc kstat_irqs on cpu 0 node 0
<7>[  137.975275] igb 0000:06:00.1: irq 95 for MSI/MSI-X
<7>[  137.975276]   alloc irq_desc for 96 on cpu 0 node 0
<7>[  137.975277]   alloc kstat_irqs on cpu 0 node 0
<7>[  137.975279] igb 0000:06:00.1: irq 96 for MSI/MSI-X
<7>[  137.975280]   alloc irq_desc for 97 on cpu 0 node 0
<7>[  137.975281]   alloc kstat_irqs on cpu 0 node 0
<7>[  137.975282] igb 0000:06:00.1: irq 97 for MSI/MSI-X
<7>[  137.975283]   alloc irq_desc for 98 on cpu 0 node 0
<7>[  137.975284]   alloc kstat_irqs on cpu 0 node 0
<7>[  137.975285] igb 0000:06:00.1: irq 98 for MSI/MSI-X
<7>[  137.975286]   alloc irq_desc for 99 on cpu 0 node 0
<7>[  137.975287]   alloc kstat_irqs on cpu 0 node 0
<7>[  137.975289] igb 0000:06:00.1: irq 99 for MSI/MSI-X
<7>[  137.975290]   alloc irq_desc for 100 on cpu 0 node 0
<7>[  137.975291]   alloc kstat_irqs on cpu 0 node 0
<7>[  137.975292] igb 0000:06:00.1: irq 100 for MSI/MSI-X
<7>[  137.975293]   alloc irq_desc for 101 on cpu 0 node 0
<7>[  137.975294]   alloc kstat_irqs on cpu 0 node 0
<7>[  137.975295] igb 0000:06:00.1: irq 101 for MSI/MSI-X
<7>[  137.975296]   alloc irq_desc for 102 on cpu 0 node 0
<7>[  137.975297]   alloc kstat_irqs on cpu 0 node 0
<7>[  137.975299] igb 0000:06:00.1: irq 102 for MSI/MSI-X
<6>[  137.975578] udev[2646]: renamed network interface eth6 to eth7
<4>[  138.004836] haha dev ffff88021e1c0000 dev->name = eth6
<6>[  138.004838] igb 0000:06:00.1: Intel(R) Gigabit Ethernet Network Connection
<6>[  138.004839] igb 0000:06:00.1: eth6: (PCIe:2.5GT/s:Width x4
<6>[  138.004839] ) <6>igb 0000:06:00.1: eth6: MAC: 00:90:0b:3d:35:4d
<6>[  138.004916] igb 0000:06:00.1: eth6: PBA No: 0001FF-0FF
<6>[  138.004918] igb 0000:06:00.1: Using MSI-X interrupts. 1 rx queue(s), 8 tx queue(s)
<4>[  138.119815] nf_ct_total_memory = 2517MB,nf_conntrack_max:2640000
<4>[  138.133818] nf_conntrack_htable_size:4194304
<4>[  138.133821] nf_conntrack version 0.5.0 (4194304 buckets, 2640000 max)
<4>[  138.157303] nf_conntrack: falling back to vmalloc.
<4>[  138.158912] nf_conntrack_htable_size_v6:4194304
<4>[  138.158913] nf_conntrack version 0.5.0 (4194304 buckets)
<4>[  138.182426] nf_conntrack: falling back to vmalloc.
<4>[  138.264630] nf_conntrack: falling back to vmalloc.
<4>[  138.295094] Nat download dev init
<5>[  138.419493] Bridge firewalling registered
<4>[  138.448375] bypass_init ok
<4>[  138.501773] dump_init ok
<4>[  138.527952] logdrv [2 /Packet/ac/module/log/drv/logdrv/log.c:649] 	apply new id!
<4>[  138.527954] logdrv [2 /Packet/ac/module/log/drv/logdrv/log.c:383] 	no level set default value: 0
<4>[  138.527956] logdrv [2 /Packet/ac/module/log/drv/logdrv/log.c:387] 	[1].debug_level = 0
<4>[  138.527958] logdrv [2 /Packet/ac/module/log/drv/logdrv/log.c:429] 	[1].debug_port = 65535
<4>[  138.527959] logdrv [2 /Packet/ac/module/log/drv/logdrv/log.c:354] 	[1].debug_jiffies = 4381190531, now_jiffies = 4294790531
<4>[  138.527962] logdrv [2 /Packet/ac/module/log/drv/logdrv/log.c:318] 	[1].dmsg_count = 10, dmsg_interval = 1000(ms)
<4>[  138.527963] logdrv [2 /Packet/ac/module/log/drv/logdrv/log.c:279] 	Debug modle: verbose 10(4294790531)
<4>[  138.527965] logdrv [2 /Packet/ac/module/log/drv/logdrv/log.c:668] 	ip_frag, reg_log ok
<4>[  138.528000] ip_frag [2 /Packet/ac/module/ip_frag/drv/ip_frag_drv.c:2858] 	ipv4_defrag_init
<4>[  138.528002] ip_frag [2 /Packet/ac/module/ip_frag/drv/ip_frag_drv.c:2839] 	ipv6_defrag_init
<6>[  138.565921] NET: Registered protocol family 36
<4>[  138.624969] logdrv [2 /Packet/ac/module/log/drv/logdrv/log.c:649] 	apply new id!
<4>[  138.624972] logdrv [2 /Packet/ac/module/log/drv/logdrv/log.c:383] 	no level set default value: 0
<4>[  138.624974] logdrv [2 /Packet/ac/module/log/drv/logdrv/log.c:387] 	[2].debug_level = 0
<4>[  138.625014] netdev changed! event is 5, dev = lo
<4>[  138.625015] netdev changed! event is 1, dev = lo
<4>[  138.625016] netdev changed! event is 5, dev = blackhole
<4>[  138.625017] netdev changed! event is 5, dev = eth3
<4>[  138.625018] netdev changed! event is 5, dev = eth1
<4>[  138.625019] netdev changed! event is 5, dev = eth2
<4>[  138.625020] netdev changed! event is 5, dev = eth0
<4>[  138.625021] netdev changed! event is 5, dev = eth5
<4>[  138.625022] netdev changed! event is 5, dev = eth4
<4>[  138.625023] netdev changed! event is 5, dev = eth7
<4>[  138.625024] netdev changed! event is 5, dev = eth6
<4>[  138.625025] load path deliver module. 
<6>[  138.663787] Intel(R) 10 Gigabit PCI Express Network Driver - version 3.4.24 pro-NAPI
<6>[  138.663788] Copyright (c) 1999-2011 Intel Corporation.
<4>[  138.663800] /Packet/ac/module/nic_drv/drv/ixgbe-3.4.24/src/ixgbe_main.c:10608>register sangfor proc:/proc/ac/ixgbe/work_way, ret=0
<4>[  138.705673] [/Packet/ac/module/ipctcalls/drv/ipctcall.c:347] ipctcalls module_init.
<4>[  138.705675] [/Packet/ac/module/ipctcalls/drv/ipctcall.c:368] num_physpages:2225664,PAGE_SHIFT = 12, g_maxSesssionShift:19.
<4>[  138.705677] [/Packet/ac/module/ipctcalls/drv/ipctcall.c:372] g_MaxIPShift=15
<4>[  138.705678] ipctinit_callback = ffffffffa0476000, oldfn=(null)
<4>[  138.705680] [/Packet/ac/module/ipctcalls/drv/ipctcall.c:377] ip_ct_setinitcallback: (null)
<4>[  138.705681] ipctdestroy_callback = ffffffffa0476070, oldfn=(null)
<4>[  138.705682] [/Packet/ac/module/ipctcalls/drv/ipctcall.c:380] ip_ct_setdestroycallback: (null)
<4>[  138.705683] ipctinit_callback_v6 = ffffffffa0476000, oldfn=(null)
<4>[  138.705684] [/Packet/ac/module/ipctcalls/drv/ipctcall.c:383] ip_ct_setinitcallback_v6: (null)
<4>[  138.705686] ipctdestroy_callback_v6 = ffffffffa0476070, oldfn=(null)
<4>[  138.705687] [/Packet/ac/module/ipctcalls/drv/ipctcall.c:386] ip_ct_setdestroycallback_v6: (null)
<4>[  138.705688] [/Packet/ac/module/ipctcalls/drv/ipctcall.c:391] ipctcalls module_init: done
<4>[  138.714779] echo 'keepalive' > /ac/var/dev/watch_reboot
<4>[  138.714780] echo 'disable'   > /ac/var/dev/watch_reboot
<4>[  138.714781] echo 'daydream'  > /ac/var/dev/watch_reboot
<4>[  138.714782] echo 'nightmare' > /ac/var/dev/watch_reboot
<4>[  138.714782] echo 'time=10'   > /ac/var/dev/watch_reboot
<4>[  138.723352] packet_filter_init ok
<6>[  138.828542] NET: Registered protocol family 17
<4>[  138.952397] nf_conntrack_rtsp v0.6.21 loading
<4>[  139.022602] nf_nat_rtsp v0.6.21 loading
<4>[  139.063750] loading nf_nat_netbios module
<4>[  139.094291] g_ps_bits 22, pr_ps_max 12582912
<4>[  139.104274] [/Packet/ac/module/ipctcalls/drv/ipctcall.c:136] ipctcall_register: nProc(1), init((null)) destroy(ffffffffa05a82a0)
<4>[  139.132849] usertrack inited with max_user: 90000, node_size: 512
<4>[  139.132850] NO_AUTH_VLANID
<4>[  139.134150] [/Packet/ac/module/ipctcalls/drv/ipctcall.c:136] ipctcall_register: nProc(2), init((null)) destroy(ffffffffa05d12d0)
<4>[  139.134158] start scan: func: ffffffffa05d14f0, interval: 1000, scan_nbucket: 512, total: 131072
<4>[  139.184395] SHEMALE: reg4_path_hook ok, index=-1 gwmode=0 hooknum=0 pri=2 hook=ffffffffa0603c70
<4>[  139.184398] SHEMALE: reg4_path_hook ok, index=-1 gwmode=1 hooknum=0 pri=2 hook=ffffffffa0603c70
<4>[  139.184400] SHEMALE: reg4_path_hook ok, index=-1 gwmode=2 hooknum=0 pri=2 hook=ffffffffa0603c70
<4>[  139.184401] SHEMALE: reg4_path_hook ok, index=-1 gwmode=3 hooknum=0 pri=2 hook=ffffffffa0603c70
<4>[  139.184404] SHEMALE: reg6_path_hook ok, index=-1 gwmode=0 hooknum=0 priority=2 hook=ffffffffa0603c70
<4>[  139.184405] SHEMALE: reg6_path_hook ok, index=-1 gwmode=1 hooknum=0 priority=2 hook=ffffffffa0603c70
<4>[  139.184407] SHEMALE: reg6_path_hook ok, index=-1 gwmode=2 hooknum=0 priority=2 hook=ffffffffa0603c70
<4>[  139.184409] SHEMALE: reg6_path_hook ok, index=-1 gwmode=3 hooknum=0 priority=2 hook=ffffffffa0603c70
<4>[  139.187386] SHEMALE: reg4_path_hook ok, index=-1 gwmode=0 hooknum=3 pri=2 hook=ffffffffa0603c70
<4>[  139.187388] SHEMALE: reg4_path_hook ok, index=-1 gwmode=1 hooknum=3 pri=2 hook=ffffffffa0603c70
<4>[  139.187389] SHEMALE: reg4_path_hook ok, index=-1 gwmode=2 hooknum=3 pri=2 hook=ffffffffa0603c70
<4>[  139.187391] SHEMALE: reg6_path_hook ok, index=-1 gwmode=0 hooknum=3 priority=2 hook=ffffffffa0603c70
<4>[  139.187393] SHEMALE: reg6_path_hook ok, index=-1 gwmode=1 hooknum=3 priority=2 hook=ffffffffa0603c70
<4>[  139.187395] SHEMALE: reg6_path_hook ok, index=-1 gwmode=2 hooknum=3 priority=2 hook=ffffffffa0603c70
<4>[  139.190377] SHEMALE: reg4_path_hook ok, index=-1 gwmode=0 hooknum=1 pri=2 hook=ffffffffa0603630
<4>[  139.190379] SHEMALE: reg4_path_hook ok, index=-1 gwmode=1 hooknum=1 pri=2 hook=ffffffffa0603630
<4>[  139.190380] SHEMALE: reg4_path_hook ok, index=-1 gwmode=2 hooknum=1 pri=2 hook=ffffffffa0603630
<4>[  139.190382] SHEMALE: reg6_path_hook ok, index=-1 gwmode=0 hooknum=1 priority=2 hook=ffffffffa0603630
<4>[  139.190384] SHEMALE: reg6_path_hook ok, index=-1 gwmode=1 hooknum=1 priority=2 hook=ffffffffa0603630
<4>[  139.190386] SHEMALE: reg6_path_hook ok, index=-1 gwmode=2 hooknum=1 priority=2 hook=ffffffffa0603630
<4>[  139.191076] Has Vmalloced Space For IsaProxyHash!
<4>[  139.194653] Initialed IsaProxyHash OK, isa_proxy_hash_len=2097152!
<4>[  139.194722] proxy_init ok, g_logid = 65544
<4>[  139.337955] SHEMALE: reg4_path_hook ok, index=0 gwmode=0 hooknum=0 pri=4 hook=ffffffffa07b45b0
<4>[  139.337958] SHEMALE: reg4_path_hook ok, index=0 gwmode=1 hooknum=0 pri=4 hook=ffffffffa07b45b0
<4>[  139.337960] SHEMALE: reg4_path_hook ok, index=0 gwmode=2 hooknum=0 pri=4 hook=ffffffffa07b45b0
<4>[  139.337961] SHEMALE: reg4_path_hook ok, index=0 gwmode=3 hooknum=0 pri=4 hook=ffffffffa07b45b0
<4>[  139.337963] SHEMALE: reg6_path_hook ok, index=0 gwmode=0 hooknum=0 priority=4 hook=ffffffffa07b45b0
<4>[  139.337965] SHEMALE: reg6_path_hook ok, index=0 gwmode=1 hooknum=0 priority=4 hook=ffffffffa07b45b0
<4>[  139.337967] SHEMALE: reg6_path_hook ok, index=0 gwmode=2 hooknum=0 priority=4 hook=ffffffffa07b45b0
<4>[  139.337969] SHEMALE: reg6_path_hook ok, index=0 gwmode=3 hooknum=0 priority=4 hook=ffffffffa07b45b0
<4>[  139.340945] SHEMALE: reg4_path_hook ok, index=0 gwmode=0 hooknum=1 pri=4 hook=ffffffffa07b6780
<4>[  139.340947] SHEMALE: reg4_path_hook ok, index=0 gwmode=1 hooknum=1 pri=4 hook=ffffffffa07b6780
<4>[  139.340948] SHEMALE: reg4_path_hook ok, index=0 gwmode=2 hooknum=1 pri=4 hook=ffffffffa07b6780
<4>[  139.340950] SHEMALE: reg4_path_hook ok, index=-1 gwmode=3 hooknum=1 pri=4 hook=ffffffffa07b6780
<4>[  139.340952] SHEMALE: reg6_path_hook ok, index=0 gwmode=0 hooknum=1 priority=4 hook=ffffffffa07b6780
<4>[  139.340954] SHEMALE: reg6_path_hook ok, index=0 gwmode=1 hooknum=1 priority=4 hook=ffffffffa07b6780
<4>[  139.340956] SHEMALE: reg6_path_hook ok, index=0 gwmode=2 hooknum=1 priority=4 hook=ffffffffa07b6780
<4>[  139.340958] SHEMALE: reg6_path_hook ok, index=-1 gwmode=3 hooknum=1 priority=4 hook=ffffffffa07b6780
<4>[  139.341005] terminal [2 /Packet/ac/module/wireless/drv/ti_main.c:3774] 	module init over, jiffies: 4294791347
<4>[  139.433534] [contchk]: module init ok
<4>[  139.476122] dnscache [2 /Packet/ac/module/dns_cache/drv/dnscache_drv.c:920] 	DNS Cache module insert ...
